 DeviceQuery

 Timestamp is 59c32135 (Thu Sep 21 10:17:25 2017)

 Preferred load address is 10000000

 Start         Length     Name                   Class
 0001:00000000 000000e0H .text$di                CODE
 0001:000000e0 00086120H .text$mn                CODE
 0001:00086200 00000230H .text$x                 CODE
 0001:00086430 0000006cH .text$yd                CODE
 0002:00000000 000001d0H .idata$5                DATA
 0002:000001d0 00000004H .00cfg                  DATA
 0002:000001d4 00000004H .CRT$XCA                DATA
 0002:000001d8 0000001cH .CRT$XCC                DATA
 0002:000001f4 00000008H .CRT$XCL                DATA
 0002:000001fc 00000008H .CRT$XCU                DATA
 0002:00000204 00000004H .CRT$XCZ                DATA
 0002:00000208 00000004H .CRT$XIA                DATA
 0002:0000020c 00000018H .CRT$XIC                DATA
 0002:00000224 00000004H .CRT$XIZ                DATA
 0002:00000228 00000004H .CRT$XLA                DATA
 0002:0000022c 00000004H .CRT$XLZ                DATA
 0002:00000230 00000004H .CRT$XPA                DATA
 0002:00000234 0000000cH .CRT$XPX                DATA
 0002:00000240 00000004H .CRT$XPXA               DATA
 0002:00000244 00000004H .CRT$XPZ                DATA
 0002:00000248 00000004H .CRT$XTA                DATA
 0002:0000024c 00000004H .CRT$XTZ                DATA
 0002:00000250 00031a74H .rdata                  DATA
 0002:00031cc4 00000018H .rdata$T                DATA
 0002:00031cdc 00000954H .rdata$r                DATA
 0002:00032630 00000050H .rdata$sxdata           DATA
 0002:00032680 0000047cH .rdata$zzzdbg           DATA
 0002:00032afc 00000004H .rtc$IAA                DATA
 0002:00032b00 00000004H .rtc$IZZ                DATA
 0002:00032b04 00000004H .rtc$TAA                DATA
 0002:00032b08 00000008H .rtc$TZZ                DATA
 0002:00032b10 00000cd4H .xdata$x                DATA
 0002:000337e4 00000020H .didat$2                DATA
 0002:00033804 00000020H .didat$3                DATA
 0002:00033824 00000038H .didat$4                DATA
 0002:0003385c 00000318H .didat$6                DATA
 0002:00033b74 0000003cH .didat$7                DATA
 0002:00033bb0 00000078H .edata                  DATA
 0002:00033c28 00000064H .idata$2                DATA
 0002:00033c8c 00000014H .idata$3                DATA
 0002:00033ca0 000001d0H .idata$4                DATA
 0002:00033e70 00000802H .idata$6                DATA
 0003:00000000 00001948H .data                   DATA
 0003:00001948 00000464H .data$r                 DATA
 0003:00001dac 00000044H .didat$5                DATA
 0003:00001df0 00003520H .bss                    DATA
 0004:00000000 000000c8H .gfids$x                DATA
 0004:000000c8 00000240H .gfids$y                DATA
 0005:00000000 00000004H .tls                    DATA
 0005:00000004 00000004H .tls$                   DATA
 0005:00000008 00000001H .tls$ZZZ                DATA
 0006:00000000 00000060H .rsrc$01                DATA
 0006:00000060 00000180H .rsrc$02                DATA

  Address         Publics by Value              Rva+Base       Lib:Object

 0000:00000000       ___guard_longjmp_count     00000000     <absolute>
 0000:00000000       ___guard_longjmp_table     00000000     <absolute>
 0000:00000000       ___guard_iat_table         00000000     <absolute>
 0000:00000000       ___guard_iat_count         00000000     <absolute>
 0000:00000000       ___guard_fids_count        00000000     <absolute>
 0000:00000000       ___dynamic_value_reloc_table 00000000     <absolute>
 0000:00000000       ___guard_fids_table        00000000     <absolute>
 0000:00000000       __except_list              00000000     <absolute>
 0000:00000014       ___safe_se_handler_count   00000014     <absolute>
 0000:0000002c       __tls_array                0000002c     <absolute>
 0000:00000100       ___guard_flags             00000100     <absolute>
 0000:00000000       ___ImageBase               10000000     <linker-defined>
 0001:000000e0       ___local_stdio_printf_options 100010e0 f i DeviceQuery.obj
 0001:000000f0       __vsnprintf_l              100010f0 f i DeviceQuery.obj
 0001:00000130       _sprintf                   10001130 f i DeviceQuery.obj
 0001:00000170       ?what@exception@stdext@@UBEPBDXZ 10001170 f i DeviceQuery.obj
 0001:00000180       ?_Raise@exception@stdext@@QBEXXZ 10001180 f i DeviceQuery.obj
 0001:000001b0       ___except_validate_context_record 100011b0 f i libvcruntime:jbcxrval.obj
 0001:000001b0       ?_Doraise@exception@stdext@@MBEXXZ 100011b0 f i DeviceQuery.obj
 0001:000001b0       ?_Unlock@?$basic_streambuf@DU?$char_traits@D@std@@@std@@UAEXXZ 100011b0 f i libcpmt:cout.obj
 0001:000001b0       ___except_validate_jump_buffer 100011b0 f i libvcruntime:jbcxrval.obj
 0001:000001b0       ?_Lock@?$basic_streambuf@DU?$char_traits@D@std@@@std@@UAEXXZ 100011b0 f i libcpmt:cout.obj
 0001:000001b0       @_guard_check_icall_nop@4  100011b0 f i LIBCMT:guard_support.obj
 0001:000001c0       ??_Gexception@stdext@@UAEPAXI@Z 100011c0 f i DeviceQuery.obj
 0001:000001c0       ??_Eruntime_error@std@@UAEPAXI@Z 100011c0 f i * CIL library *:* CIL module *
 0001:000001c0       ??_Gruntime_error@std@@UAEPAXI@Z 100011c0 f i DeviceQuery.obj
 0001:000001c0       ??_Eexception@stdext@@UAEPAXI@Z 100011c0 f i * CIL library *:* CIL module *
 0001:000001f0       ??0_Locinfo@std@@QAE@PBD@Z 100011f0 f i DeviceQuery.obj
 0001:00000270       ??1_Locinfo@std@@QAE@XZ    10001270 f i DeviceQuery.obj
 0001:00000310       ??_E_Facet_base@std@@UAEPAXI@Z 10001310 f i * CIL library *:* CIL module *
 0001:00000310       ??_G_Facet_base@std@@UAEPAXI@Z 10001310 f i DeviceQuery.obj
 0001:00000340       ??Bid@locale@std@@QAEIXZ   10001340 f i DeviceQuery.obj
 0001:00000380       ?_Incref@facet@locale@std@@UAEXXZ 10001380 f i DeviceQuery.obj
 0001:00000390       ?_Decref@facet@locale@std@@UAEPAV_Facet_base@3@XZ 10001390 f i DeviceQuery.obj
 0001:000003b0       ??1locale@std@@QAE@XZ      100013b0 f i DeviceQuery.obj
 0001:000003d0       ?c_str@locale@std@@QBEPBDXZ 100013d0 f i DeviceQuery.obj
 0001:000003f0       ?_Getfacet@locale@std@@QBEPBVfacet@12@I@Z 100013f0 f i DeviceQuery.obj
 0001:00000430       ?_Getcat@?$ctype@D@std@@SAIPAPBVfacet@locale@2@PBV42@@Z 10001430 f i DeviceQuery.obj
 0001:000004c0       ?do_tolower@?$ctype@D@std@@MBEDD@Z 100014c0 f i DeviceQuery.obj
 0001:000004e0       ?do_tolower@?$ctype@D@std@@MBEPBDPADPBD@Z 100014e0 f i DeviceQuery.obj
 0001:00000520       ?do_toupper@?$ctype@D@std@@MBEDD@Z 10001520 f i DeviceQuery.obj
 0001:00000540       ?do_toupper@?$ctype@D@std@@MBEPBDPADPBD@Z 10001540 f i DeviceQuery.obj
 0001:00000580       ?do_widen@?$ctype@D@std@@MBEDD@Z 10001580 f i DeviceQuery.obj
 0001:00000590       ?do_widen@?$ctype@D@std@@MBEPBDPBD0PAD@Z 10001590 f i DeviceQuery.obj
 0001:000005b0       ?do_narrow@?$ctype@D@std@@MBEDDD@Z 100015b0 f i DeviceQuery.obj
 0001:000005c0       ?do_narrow@?$ctype@D@std@@MBEPBDPBD0DPAD@Z 100015c0 f i DeviceQuery.obj
 0001:000005e0       ??_G?$ctype@D@std@@MAEPAXI@Z 100015e0 f i DeviceQuery.obj
 0001:000005e0       ??_E?$ctype@D@std@@MAEPAXI@Z 100015e0 f i * CIL library *:* CIL module *
 0001:00000630       ??_E_Iostream_error_category@std@@UAEPAXI@Z 10001630 f i * CIL library *:* CIL module *
 0001:00000630       ??_Eerror_category@std@@UAEPAXI@Z 10001630 f i * CIL library *:* CIL module *
 0001:00000630       ??_Gerror_category@std@@UAEPAXI@Z 10001630 f i DeviceQuery.obj
 0001:00000630       ??_G_Iostream_error_category@std@@UAEPAXI@Z 10001630 f i DeviceQuery.obj
 0001:00000660       ?default_error_condition@error_category@std@@UBE?AVerror_condition@2@H@Z 10001660 f i DeviceQuery.obj
 0001:00000670       ?equivalent@error_category@std@@UBE_NHABVerror_condition@2@@Z 10001670 f i DeviceQuery.obj
 0001:000006d0       ?equivalent@error_category@std@@UBE_NABVerror_code@2@H@Z 100016d0 f i DeviceQuery.obj
 0001:00000700       ?_Makestr@_System_error@std@@CA?AV?$basic_string@DU?$char_traits@D@std@@V?$allocator@D@2@@2@Verror_code@2@V32@@Z 10001700 f i DeviceQuery.obj
 0001:00000810       ??0_System_error@std@@IAE@Verror_code@1@ABV?$basic_string@DU?$char_traits@D@std@@V?$allocator@D@2@@1@@Z 10001810 f i DeviceQuery.obj
 0001:000008f0       ??_G_System_error@std@@UAEPAXI@Z 100018f0 f i DeviceQuery.obj
 0001:000008f0       ??_Gsystem_error@std@@UAEPAXI@Z 100018f0 f i DeviceQuery.obj
 0001:000008f0       ??_Esystem_error@std@@UAEPAXI@Z 100018f0 f i * CIL library *:* CIL module *
 0001:000008f0       ??_E_System_error@std@@UAEPAXI@Z 100018f0 f i * CIL library *:* CIL module *
 0001:000008f0       ??_Gfailure@ios_base@std@@UAEPAXI@Z 100018f0 f i DeviceQuery.obj
 0001:000008f0       ??_Efailure@ios_base@std@@UAEPAXI@Z 100018f0 f i * CIL library *:* CIL module *
 0001:00000920       ??0system_error@std@@QAE@Verror_code@1@PBD@Z 10001920 f i DeviceQuery.obj
 0001:000009f0       ?name@_Iostream_error_category@std@@UBEPBDXZ 100019f0 f i DeviceQuery.obj
 0001:00000a00       ?message@_Iostream_error_category@std@@UBE?AV?$basic_string@DU?$char_traits@D@std@@V?$allocator@D@2@@2@H@Z 10001a00 f i DeviceQuery.obj
 0001:00000a90       ?clear@ios_base@std@@QAEXH_N@Z 10001a90 f i DeviceQuery.obj
 0001:00000b40       ?StringCchCopyA@@YGJPADIPBD@Z 10001b40 f i DeviceQuery.obj
 0001:00000bc0       ?StringCchCatA@@YGJPADIPBD@Z 10001bc0 f i DeviceQuery.obj
 0001:00000cb0       ?Method@@YAXABV?$FunctionCallbackInfo@VValue@v8@@@v8@@@Z 10001cb0 f   DeviceQuery.obj
 0001:00001170       ?init@@YAXV?$Local@VObject@v8@@@v8@@@Z 10002170 f   DeviceQuery.obj
 0001:00001190       ??1?$basic_string@DU?$char_traits@D@std@@V?$allocator@D@2@@std@@QAE@XZ 10002190 f i DeviceQuery.obj
 0001:00001200       ??0?$basic_string@DU?$char_traits@D@std@@V?$allocator@D@2@@std@@QAE@$$QAV01@@Z 10002200 f i DeviceQuery.obj
 0001:00001280       ?_Tidy@?$basic_string@DU?$char_traits@D@std@@V?$allocator@D@2@@std@@QAEX_NI@Z 10002280 f i DeviceQuery.obj
 0001:00001310       ?assign@?$basic_string@DU?$char_traits@D@std@@V?$allocator@D@2@@std@@QAEAAV12@ABV12@II@Z 10002310 f i DeviceQuery.obj
 0001:00001420       ?append@?$basic_string@DU?$char_traits@D@std@@V?$allocator@D@2@@std@@QAEAAV12@PBDI@Z 10002420 f i DeviceQuery.obj
 0001:00001550       ?append@?$basic_string@DU?$char_traits@D@std@@V?$allocator@D@2@@std@@QAEAAV12@ABV12@II@Z 10002550 f i DeviceQuery.obj
 0001:00001650       ?_Xlen@?$basic_string@DU?$char_traits@D@std@@V?$allocator@D@2@@std@@QBEXXZ 10002650 f i DeviceQuery.obj
 0001:00001660       ?_Grow@?$basic_string@DU?$char_traits@D@std@@V?$allocator@D@2@@std@@QAE_NI_N@Z 10002660 f i DeviceQuery.obj
 0001:000016d0       ?erase@?$basic_string@DU?$char_traits@D@std@@V?$allocator@D@2@@std@@QAEAAV12@II@Z 100026d0 f i DeviceQuery.obj
 0001:00001770       ?assign@?$basic_string@DU?$char_traits@D@std@@V?$allocator@D@2@@std@@QAEAAV12@PBDI@Z 10002770 f i DeviceQuery.obj
 0001:00001870       ?_Copy@?$basic_string@DU?$char_traits@D@std@@V?$allocator@D@2@@std@@QAEXII@Z 10002870 f i DeviceQuery.obj
 0001:000019a0       ??$use_facet@V?$ctype@D@std@@@std@@YAABV?$ctype@D@0@ABVlocale@0@@Z 100029a0 f i DeviceQuery.obj
 0001:00001aa0       ??$_Immortalize@V_Iostream_error_category@std@@@std@@YAAAV_Iostream_error_category@0@XZ 10002aa0 f i DeviceQuery.obj
 0001:00001b10       ??$?6U?$char_traits@D@std@@@std@@YAAAV?$basic_ostream@DU?$char_traits@D@std@@@0@AAV10@PBD@Z 10002b10 f i DeviceQuery.obj
 0001:00001df0       ??$endl@DU?$char_traits@D@std@@@std@@YAAAV?$basic_ostream@DU?$char_traits@D@std@@@0@AAV10@@Z 10002df0 f i DeviceQuery.obj
 0001:00001e70       ??$NODE_SET_METHOD@V?$Local@VObject@v8@@@v8@@@node@@YAXABV?$Local@VObject@v8@@@v8@@PBDP6AXABV?$FunctionCallbackInfo@VValue@v8@@@2@@Z@Z 10002e70 f i DeviceQuery.obj
 0001:00001f10       ??0sentry@?$basic_ostream@DU?$char_traits@D@std@@@std@@QAE@AAV12@@Z 10002f10 f i DeviceQuery.obj
 0001:00001f70       ?flush@?$basic_ostream@DU?$char_traits@D@std@@@std@@QAEAAV12@XZ 10002f70 f i DeviceQuery.obj
 0001:00002080       ?put@?$basic_ostream@DU?$char_traits@D@std@@@std@@QAEAAV12@D@Z 10003080 f i DeviceQuery.obj
 0001:000021e0       ?widen@?$basic_ios@DU?$char_traits@D@std@@@std@@QBEDD@Z 100031e0 f i DeviceQuery.obj
 0001:00002250       ?_Osfx@?$basic_ostream@DU?$char_traits@D@std@@@std@@QAEXXZ 10003250 f i DeviceQuery.obj
 0001:00002330       ?GetDiskInfo@DiskInfo@@SAAAV1@XZ 10003330 f i WMI_DeviceQuery.obj
 0001:00002380       ??0_bstr_t@@QAE@PBD@Z      10003380 f i WMI_DeviceQuery.obj
 0001:000023d0       ??0_bstr_t@@QAE@PB_W@Z     100033d0 f i WMI_DeviceQuery.obj
 0001:00002430       ??1_bstr_t@@QAE@XZ         10003430 f i WMI_DeviceQuery.obj
 0001:00002490       ??B_bstr_t@@QBEPBDXZ       10003490 f i WMI_DeviceQuery.obj
 0001:000024b0       ?StringCchPrintfA@@YAJPADIPBDZZ 100034b0 f i WMI_DeviceQuery.obj
 0001:000028e0       _WMI_DeviceQuery@12        100038e0 f   WMI_DeviceQuery.obj
 0001:00002d30       ??0?$vector@PAGV?$allocator@PAG@std@@@std@@QAE@ABV01@@Z 10003d30 f i WMI_DeviceQuery.obj
 0001:00002d30       ??0?$vector@PADV?$allocator@PAD@std@@@std@@QAE@ABV01@@Z 10003d30 f i WMI_DeviceQuery.obj
 0001:00002dc0       ?allocate@?$_Wrap_alloc@V?$allocator@PAG@std@@@std@@QAEPAPAGI@Z 10003dc0 f i WMI_DeviceQuery.obj
 0001:00002dc0       ?allocate@?$_Wrap_alloc@V?$allocator@PAD@std@@@std@@QAEPAPADI@Z 10003dc0 f i WMI_DeviceQuery.obj
 0001:00002e20       ??$_Remove_unchecked@PAD_W@std@@YAPADPAD0AB_W@Z 10003e20 f i WMI_DeviceQuery.obj
 0001:00002e90       ?flipAndCodeBytes@DiskInfo@@CAPADPAD@Z 10003e90 f   IOCTL_DeviceQuery.obj
 0001:00003040       ?ReadPhysicalDriveInNTWithZeroRights@DiskInfo@@QAEHXZ 10004040 f   IOCTL_DeviceQuery.obj
 0001:00003260       ?ReadDrivePortsInWin9X@DiskInfo@@QAEHXZ 10004260 f   IOCTL_DeviceQuery.obj
 0001:000034f0       ?ConvertToString@DiskInfo@@CAPADQAGHH@Z 100044f0 f   IOCTL_DeviceQuery.obj
 0001:000035e0       ??1DiskInfo@@QAE@XZ        100045e0 f   IOCTL_DeviceQuery.obj
 0001:00003710       ?LoadDiskInfo@DiskInfo@@QAEJXZ 10004710 f   IOCTL_DeviceQuery.obj
 0001:000037d0       ?_Reserve@?$vector@PADV?$allocator@PAD@std@@@std@@IAEXI@Z 100047d0 f i IOCTL_DeviceQuery.obj
 0001:00003830       ?_Reallocate@?$vector@PAGV?$allocator@PAG@std@@@std@@IAEXI@Z 10004830 f i IOCTL_DeviceQuery.obj
 0001:00003830       ?_Reallocate@?$vector@PADV?$allocator@PAD@std@@@std@@IAEXI@Z 10004830 f i IOCTL_DeviceQuery.obj
 0001:00003920       _printf                    10004920 f i RSA_EncryptData.obj
 0001:00003960       ?my_rsa_entrypt@@YAHPAE0@Z 10004960 f   RSA_EncryptData.obj
 0001:00003a8b       __imp_load_?ThrowException@Isolate@v8@@QAE?AV?$Local@VValue@v8@@@2@V32@@Z 10004a8b f   node:node.exe
 0001:00003a95       __tailMerge_node_exe       10004a95 f i node:node.exe
 0001:00003aa6       __imp_load_?GetCurrent@Isolate@v8@@SAPAV12@XZ 10004aa6 f   node:node.exe
 0001:00003ab0       __imp_load_??1HandleScope@v8@@QAE@XZ 10004ab0 f   node:node.exe
 0001:00003aba       __imp_load_??0HandleScope@v8@@QAE@PAVIsolate@1@@Z 10004aba f   node:node.exe
 0001:00003ac4       __imp_load_?TypeError@Exception@v8@@SA?AV?$Local@VValue@v8@@@2@V?$Local@VString@v8@@@2@@Z 10004ac4 f   node:node.exe
 0001:00003ace       __imp_load_?GetFunction@FunctionTemplate@v8@@QAE?AV?$Local@VFunction@v8@@@2@XZ 10004ace f   node:node.exe
 0001:00003ad8       __imp_load_?New@FunctionTemplate@v8@@SA?AV?$Local@VFunctionTemplate@v8@@@2@PAVIsolate@2@P6AXABV?$FunctionCallbackInfo@VValue@v8@@@2@@ZV?$Local@VValue@v8@@@2@V?$Local@VSignature@v8@@@2@H@Z 10004ad8 f   node:node.exe
 0001:00003ae2       __imp_load_?NumberValue@Value@v8@@QBENXZ 10004ae2 f   node:node.exe
 0001:00003aec       __imp_load_?IsNumber@Value@v8@@QBE_NXZ 10004aec f   node:node.exe
 0001:00003af6       __imp_load_?NewFromUtf8@String@v8@@SA?AV?$Local@VString@v8@@@2@PAVIsolate@2@PBDW4NewStringType@12@H@Z 10004af6 f   node:node.exe
 0001:00003b00       __imp_load_?Set@Object@v8@@QAE_NV?$Local@VValue@v8@@@2@0@Z 10004b00 f   node:node.exe
 0001:00003b0a       __imp_load_?SetName@Function@v8@@QAEXV?$Local@VString@v8@@@2@@Z 10004b0a f   node:node.exe
 0001:00003b14       __imp_load__node_module_register 10004b14 f   node:node.exe
 0001:00003b20       _BN_bin2bn                 10004b20 f   libeay32:bn_lib.obj
 0001:00003c20       _BN_bn2bin                 10004c20 f   libeay32:bn_lib.obj
 0001:00003c80       _BN_clear_free             10004c80 f   libeay32:bn_lib.obj
 0001:00003cd0       _BN_cmp                    10004cd0 f   libeay32:bn_lib.obj
 0001:00003d80       _BN_consttime_swap         10004d80 f   libeay32:bn_lib.obj
 0001:00004020       _BN_copy                   10005020 f   libeay32:bn_lib.obj
 0001:000040f0       _BN_dup                    100050f0 f   libeay32:bn_lib.obj
 0001:00004130       _BN_free                   10005130 f   libeay32:bn_lib.obj
 0001:00004170       _BN_init                   10005170 f   libeay32:bn_lib.obj
 0001:00004190       _BN_is_bit_set             10005190 f   libeay32:bn_lib.obj
 0001:000041d0       _BN_mask_bits              100051d0 f   libeay32:bn_lib.obj
 0001:00004260       _BN_new                    10005260 f   libeay32:bn_lib.obj
 0001:000042c0       _BN_num_bits               100052c0 f   libeay32:bn_lib.obj
 0001:00004330       _BN_num_bits_word          10005330 f   libeay32:bn_lib.obj
 0001:00004380       _BN_set_bit                10005380 f   libeay32:bn_lib.obj
 0001:00004410       _BN_set_negative           10005410 f   libeay32:bn_lib.obj
 0001:00004440       _BN_set_word               10005440 f   libeay32:bn_lib.obj
 0001:000044a0       _BN_ucmp                   100054a0 f   libeay32:bn_lib.obj
 0001:000044f0       _BN_value_one              100054f0 f   libeay32:bn_lib.obj
 0001:00004500       _bn_cmp_part_words         10005500 f   libeay32:bn_lib.obj
 0001:000045a0       _bn_cmp_words              100055a0 f   libeay32:bn_lib.obj
 0001:000045f0       _bn_expand2                100055f0 f   libeay32:bn_lib.obj
 0001:00004730       _BN_asc2bn                 10005730 f   libeay32:bn_print.obj
 0001:000047a0       _BN_bn2dec                 100057a0 f   libeay32:bn_print.obj
 0001:00004990       _BN_bn2hex                 10005990 f   libeay32:bn_print.obj
 0001:00004a70       _BN_dec2bn                 10005a70 f   libeay32:bn_print.obj
 0001:00004c10       _BN_hex2bn                 10005c10 f   libeay32:bn_print.obj
 0001:00004dd0       _BN_print                  10005dd0 f   libeay32:bn_print.obj
 0001:00004e80       _RSA_private_decrypt       10005e80 f   libeay32:rsa_crpt.obj
 0001:00004e90       _RSA_private_encrypt       10005e90 f   libeay32:rsa_crpt.obj
 0001:00004ea0       _RSA_public_decrypt        10005ea0 f   libeay32:rsa_crpt.obj
 0001:00004eb0       _RSA_public_encrypt        10005eb0 f   libeay32:rsa_crpt.obj
 0001:00004ec0       _RSA_setup_blinding        10005ec0 f   libeay32:rsa_crpt.obj
 0001:00005060       _RSA_size                  10006060 f   libeay32:rsa_crpt.obj
 0001:00005160       _RSA_free                  10006160 f   libeay32:rsa_lib.obj
 0001:00005280       _RSA_new                   10006280 f   libeay32:rsa_lib.obj
 0001:00005290       _RSA_new_method            10006290 f   libeay32:rsa_lib.obj
 0001:000054b0       _CRYPTO_free               100064b0 f   libeay32:mem.obj
 0001:000054f0       _CRYPTO_free_locked        100064f0 f   libeay32:mem.obj
 0001:00005530       _CRYPTO_malloc             10006530 f   libeay32:mem.obj
 0001:000055a0       _CRYPTO_realloc            100065a0 f   libeay32:mem.obj
 0001:00005620       _CRYPTO_realloc_clean      10006620 f   libeay32:mem.obj
 0001:000056d0       _CRYPTO_strdup             100066d0 f   libeay32:mem.obj
 0001:00005730       _OPENSSL_cleanse           10006730 f   libeay32:mem_clr.obj
 0001:00005de0       _ERR_add_error_data        10006de0 f   libeay32:err.obj
 0001:00005e00       _ERR_add_error_vdata       10006e00 f   libeay32:err.obj
 0001:00005f30       _ERR_clear_error           10006f30 f   libeay32:err.obj
 0001:00005fb0       _ERR_get_state             10006fb0 f   libeay32:err.obj
 0001:00006120       _ERR_peek_last_error       10007120 f   libeay32:err.obj
 0001:00006140       _ERR_pop_to_mark           10007140 f   libeay32:err.obj
 0001:00006240       _ERR_put_error             10007240 f   libeay32:err.obj
 0001:00006320       _ERR_set_mark              10007320 f   libeay32:err.obj
 0001:000068a0       _BIO_new_file              100078a0 f   libeay32:bss_file.obj
 0001:00006b10       _BIO_callback_ctrl         10007b10 f   libeay32:bio_lib.obj
 0001:00006ba0       _BIO_clear_flags           10007ba0 f   libeay32:bio_lib.obj
 0001:00006bb0       _BIO_copy_next_retry       10007bb0 f   libeay32:bio_lib.obj
 0001:00006bd0       _BIO_ctrl                  10007bd0 f   libeay32:bio_lib.obj
 0001:00006c60       _BIO_find_type             10007c60 f   libeay32:bio_lib.obj
 0001:00006c90       _BIO_free                  10007c90 f   libeay32:bio_lib.obj
 0001:00006d10       _BIO_free_all              10007d10 f   libeay32:bio_lib.obj
 0001:00006da0       _BIO_gets                  10007da0 f   libeay32:bio_lib.obj
 0001:00006e50       _BIO_indent                10007e50 f   libeay32:bio_lib.obj
 0001:00006f30       _BIO_int_ctrl              10007f30 f   libeay32:bio_lib.obj
 0001:00006f60       _BIO_new                   10007f60 f   libeay32:bio_lib.obj
 0001:00006fc0       _BIO_next                  10007fc0 f   libeay32:bio_lib.obj
 0001:00006fd0       _BIO_push                  10007fd0 f   libeay32:bio_lib.obj
 0001:00007020       _BIO_puts                  10008020 f   libeay32:bio_lib.obj
 0001:000070d0       _BIO_read                  100080d0 f   libeay32:bio_lib.obj
 0001:00007190       _BIO_set                   10008190 f   libeay32:bio_lib.obj
 0001:00007240       _BIO_set_flags             10008240 f   libeay32:bio_lib.obj
 0001:00007250       _BIO_test_flags            10008250 f   libeay32:bio_lib.obj
 0001:00007260       _BIO_write                 10008260 f   libeay32:bio_lib.obj
 0001:00007320       _BIO_printf                10008320 f   libeay32:b_print.obj
 0001:00007340       _BIO_snprintf              10008340 f   libeay32:b_print.obj
 0001:000073b0       _BIO_vprintf               100083b0 f   libeay32:b_print.obj
 0001:000083c0       _BN_add_word               100093c0 f   libeay32:bn_word.obj
 0001:00008470       _BN_div_word               10009470 f   libeay32:bn_word.obj
 0001:00008530       _BN_mod_word               10009530 f   libeay32:bn_word.obj
 0001:000085a0       _BN_mul_word               100095a0 f   libeay32:bn_word.obj
 0001:00008610       _BN_sub_word               10009610 f   libeay32:bn_word.obj
 0001:000086d0       _CRYPTO_THREADID_cmp       100096d0 f   libeay32:cryptlib.obj
 0001:00008720       _CRYPTO_THREADID_cpy       10009720 f   libeay32:cryptlib.obj
 0001:00008740       _CRYPTO_THREADID_current   10009740 f   libeay32:cryptlib.obj
 0001:00008780       _CRYPTO_add_lock           10009780 f   libeay32:cryptlib.obj
 0001:000087d0       _CRYPTO_destroy_dynlockid  100097d0 f   libeay32:cryptlib.obj
 0001:000088a0       _CRYPTO_get_dynlock_value  100098a0 f   libeay32:cryptlib.obj
 0001:00008920       _CRYPTO_lock               10009920 f   libeay32:cryptlib.obj
 0001:00008990       _CRYPTO_memcmp             10009990 f   libeay32:cryptlib.obj
 0001:000089c0       _OPENSSL_isservice         100099c0 f   libeay32:cryptlib.obj
 0001:00008b00       _OPENSSL_showfatal         10009b00 f   libeay32:cryptlib.obj
 0001:00008c60       _OpenSSLDie                10009c60 f   libeay32:cryptlib.obj
 0001:00008c90       _BN_CTX_end                10009c90 f   libeay32:bn_ctx.obj
 0001:00008cd0       _BN_CTX_free               10009cd0 f   libeay32:bn_ctx.obj
 0001:00008d00       _BN_CTX_get                10009d00 f   libeay32:bn_ctx.obj
 0001:00008d60       _BN_CTX_new                10009d60 f   libeay32:bn_ctx.obj
 0001:00008de0       _BN_CTX_start              10009de0 f   libeay32:bn_ctx.obj
 0001:00009010       _BN_add                    1000a010 f   libeay32:bn_add.obj
 0001:000090a0       _BN_sub                    1000a0a0 f   libeay32:bn_add.obj
 0001:00009170       _BN_uadd                   1000a170 f   libeay32:bn_add.obj
 0001:00009240       _BN_usub                   1000a240 f   libeay32:bn_add.obj
 0001:000093c0       _BN_mul                    1000a3c0 f   libeay32:bn_mul.obj
 0001:000096a0       _bn_mul_normal             1000a6a0 f   libeay32:bn_mul.obj
 0001:000097b0       _bn_mul_part_recursive     1000a7b0 f   libeay32:bn_mul.obj
 0001:00009c90       _bn_mul_recursive          1000ac90 f   libeay32:bn_mul.obj
 0001:0000a070       _bn_sub_part_words         1000b070 f   libeay32:bn_mul.obj
 0001:0000a1f0       _BN_gcd                    1000b1f0 f   libeay32:bn_gcd.obj
 0001:0000a290       _BN_mod_inverse            1000b290 f   libeay32:bn_gcd.obj
 0001:0000ac00       _BN_BLINDING_convert_ex    1000bc00 f   libeay32:bn_blind.obj
 0001:0000ac90       _BN_BLINDING_create_param  1000bc90 f   libeay32:bn_blind.obj
 0001:0000ae70       _BN_BLINDING_free          1000be70 f   libeay32:bn_blind.obj
 0001:0000aed0       _BN_BLINDING_invert_ex     1000bed0 f   libeay32:bn_blind.obj
 0001:0000af20       _BN_BLINDING_thread_id     1000bf20 f   libeay32:bn_blind.obj
 0001:0000af30       _BN_BLINDING_update        1000bf30 f   libeay32:bn_blind.obj
 0001:0000aff0       _RAND_add                  1000bff0 f   libeay32:rand_lib.obj
 0001:0000b070       _RAND_bytes                1000c070 f   libeay32:rand_lib.obj
 0001:0000b0d0       _RAND_pseudo_bytes         1000c0d0 f   libeay32:rand_lib.obj
 0001:0000b130       _RAND_seed                 1000c130 f   libeay32:rand_lib.obj
 0001:0000b180       _RAND_status               1000c180 f   libeay32:rand_lib.obj
 0001:0000b6d0       _CRYPTO_free_ex_data       1000c6d0 f   libeay32:ex_data.obj
 0001:0000b730       _CRYPTO_new_ex_data        1000c730 f   libeay32:ex_data.obj
 0001:0000b790       _CRYPTO_set_ex_data        1000c790 f   libeay32:ex_data.obj
 0001:0000cc90       _RSA_PKCS1_SSLeay          1000dc90 f   libeay32:rsa_eay.obj
 0001:0000ce60       _ENGINE_get_default_RSA    1000de60 f   libeay32:tb_rsa.obj
 0001:0000ce70       _ENGINE_finish             1000de70 f   libeay32:eng_init.obj
 0001:0000cf60       _ENGINE_init               1000df60 f   libeay32:eng_init.obj
 0001:0000cfe0       _engine_unlocked_finish    1000dfe0 f   libeay32:eng_init.obj
 0001:0000d070       _engine_unlocked_init      1000e070 f   libeay32:eng_init.obj
 0001:0000d0a0       _CRYPTO_is_mem_check_on    1000e0a0 f   libeay32:mem_dbg.obj
 0001:0000d120       _CRYPTO_mem_ctrl           1000e120 f   libeay32:mem_dbg.obj
 0001:0000d290       _CRYPTO_pop_info           1000e290 f   libeay32:mem_dbg.obj
 0001:0000d3e0       _CRYPTO_push_info_         1000e3e0 f   libeay32:mem_dbg.obj
 0001:0000d670       _BUF_memdup                1000e670 f   libeay32:buf_str.obj
 0001:0000d6d0       _BUF_strdup                1000e6d0 f   libeay32:buf_str.obj
 0001:0000d700       _BUF_strlcat               1000e700 f   libeay32:buf_str.obj
 0001:0000d760       _BUF_strlcpy               1000e760 f   libeay32:buf_str.obj
 0001:0000d7a0       _BUF_strndup               1000e7a0 f   libeay32:buf_str.obj
 0001:0000da70       _lh_delete                 1000ea70 f   libeay32:lhash.obj
 0001:0000dae0       _lh_doall                  1000eae0 f   libeay32:lhash.obj
 0001:0000db00       _lh_doall_arg              1000eb00 f   libeay32:lhash.obj
 0001:0000db20       _lh_free                   1000eb20 f   libeay32:lhash.obj
 0001:0000db70       _lh_insert                 1000eb70 f   libeay32:lhash.obj
 0001:0000dc00       _lh_new                    1000ec00 f   libeay32:lhash.obj
 0001:0000dd30       _lh_num_items              1000ed30 f   libeay32:lhash.obj
 0001:0000dd40       _lh_retrieve               1000ed40 f   libeay32:lhash.obj
 0001:0000dd70       _lh_strhash                1000ed70 f   libeay32:lhash.obj
 0001:0000ddc0       _BN_lshift                 1000edc0 f   libeay32:bn_shift.obj
 0001:0000df40       _BN_lshift1                1000ef40 f   libeay32:bn_shift.obj
 0001:0000dfe0       _BN_rshift                 1000efe0 f   libeay32:bn_shift.obj
 0001:0000e150       _BN_rshift1                1000f150 f   libeay32:bn_shift.obj
 0001:0000e200       _bn_add_words              1000f200 f   libeay32:bn_asm.obj
 0001:0000e2f0       _bn_div_words              1000f2f0 f   libeay32:bn_asm.obj
 0001:0000e310       _bn_mul_add_words          1000f310 f   libeay32:bn_asm.obj
 0001:0000e3d0       _bn_mul_comba4             1000f3d0 f   libeay32:bn_asm.obj
 0001:0000e5b0       _bn_mul_comba8             1000f5b0 f   libeay32:bn_asm.obj
 0001:0000ed00       _bn_mul_words              1000fd00 f   libeay32:bn_asm.obj
 0001:0000edb0       _bn_sqr_comba4             1000fdb0 f   libeay32:bn_asm.obj
 0001:0000ef50       _bn_sqr_comba8             1000ff50 f   libeay32:bn_asm.obj
 0001:0000f5d0       _bn_sqr_words              100105d0 f   libeay32:bn_asm.obj
 0001:0000f650       _bn_sub_words              10010650 f   libeay32:bn_asm.obj
 0001:0000f7d0       _sk_delete                 100107d0 f   libeay32:stack.obj
 0001:0000f810       _sk_delete_ptr             10010810 f   libeay32:stack.obj
 0001:0000f870       _sk_find                   10010870 f   libeay32:stack.obj
 0001:0000f890       _sk_free                   10010890 f   libeay32:stack.obj
 0001:0000f8c0       _sk_insert                 100108c0 f   libeay32:stack.obj
 0001:0000f960       _sk_is_sorted              10010960 f   libeay32:stack.obj
 0001:0000f980       _sk_new                    10010980 f   libeay32:stack.obj
 0001:0000fa10       _sk_new_null               10010a10 f   libeay32:stack.obj
 0001:0000fa20       _sk_num                    10010a20 f   libeay32:stack.obj
 0001:0000fa30       _sk_pop                    10010a30 f   libeay32:stack.obj
 0001:0000fa50       _sk_pop_free               10010a50 f   libeay32:stack.obj
 0001:0000faa0       _sk_push                   10010aa0 f   libeay32:stack.obj
 0001:0000fac0       _sk_set                    10010ac0 f   libeay32:stack.obj
 0001:0000faf0       _sk_set_cmp_func           10010af0 f   libeay32:stack.obj
 0001:0000fb10       _sk_sort                   10010b10 f   libeay32:stack.obj
 0001:0000fb40       _sk_value                  10010b40 f   libeay32:stack.obj
 0001:0000fb60       _BN_div                    10010b60 f   libeay32:bn_div.obj
 0001:000100a0       _BN_mod_add                100110a0 f   libeay32:bn_mod.obj
 0001:00010110       _BN_mod_add_quick          10011110 f   libeay32:bn_mod.obj
 0001:00010160       _BN_mod_lshift1_quick      10011160 f   libeay32:bn_mod.obj
 0001:000101a0       _BN_mod_lshift_quick       100111a0 f   libeay32:bn_mod.obj
 0001:00010260       _BN_mod_mul                10011260 f   libeay32:bn_mod.obj
 0001:000102e0       _BN_mod_sqr                100112e0 f   libeay32:bn_mod.obj
 0001:00010320       _BN_mod_sub                10011320 f   libeay32:bn_mod.obj
 0001:00010390       _BN_mod_sub_quick          10011390 f   libeay32:bn_mod.obj
 0001:000103d0       _BN_nnmod                  100113d0 f   libeay32:bn_mod.obj
 0001:00010420       _BN_pseudo_rand            10011420 f   libeay32:bn_rand.obj
 0001:00010440       _BN_pseudo_rand_range      10011440 f   libeay32:bn_rand.obj
 0001:00010460       _BN_rand                   10011460 f   libeay32:bn_rand.obj
 0001:00010480       _BN_rand_range             10011480 f   libeay32:bn_rand.obj
 0001:00010810       _BN_mod_exp                10011810 f   libeay32:bn_exp.obj
 0001:00010880       _BN_mod_exp_mont           10011880 f   libeay32:bn_exp.obj
 0001:00010df0       _BN_mod_exp_mont_consttime 10011df0 f   libeay32:bn_exp.obj
 0001:000113d0       _BN_mod_exp_mont_word      100123d0 f   libeay32:bn_exp.obj
 0001:00011780       _BN_mod_exp_recp           10012780 f   libeay32:bn_exp.obj
 0001:00012350       _RAND_SSLeay               10013350 f   libeay32:md_rand.obj
 0001:00012360       _ssleay_rand_bytes         10013360 f   libeay32:md_rand.obj
 0001:00012900       _ENGINE_get_RAND           10013900 f   libeay32:tb_rand.obj
 0001:00012900       _EC_KEY_get_flags          10013900 f   libeay32:ec_key.obj
 0001:00012910       _ENGINE_get_default_RAND   10013910 f   libeay32:tb_rand.obj
 0001:00012920       _BN_MONT_CTX_copy          10013920 f   libeay32:bn_mont.obj
 0001:00012990       _BN_MONT_CTX_free          10013990 f   libeay32:bn_mont.obj
 0001:000129d0       _BN_MONT_CTX_new           100139d0 f   libeay32:bn_mont.obj
 0001:00012a30       _BN_MONT_CTX_set           10013a30 f   libeay32:bn_mont.obj
 0001:00012bc0       _BN_MONT_CTX_set_locked    10013bc0 f   libeay32:bn_mont.obj
 0001:00012c70       _BN_from_montgomery        10013c70 f   libeay32:bn_mont.obj
 0001:00012f80       _BN_mod_mul_montgomery     10013f80 f   libeay32:bn_mont.obj
 0001:00012ff0       _RSA_padding_add_PKCS1_type_1 10013ff0 f   libeay32:rsa_pk1.obj
 0001:00013060       _RSA_padding_add_PKCS1_type_2 10014060 f   libeay32:rsa_pk1.obj
 0001:00013110       _RSA_padding_check_PKCS1_type_1 10014110 f   libeay32:rsa_pk1.obj
 0001:00013210       _RSA_padding_check_PKCS1_type_2 10014210 f   libeay32:rsa_pk1.obj
 0001:000133a0       _PKCS1_MGF1                100143a0 f   libeay32:rsa_oaep.obj
 0001:00013520       _RSA_padding_add_PKCS1_OAEP 10014520 f   libeay32:rsa_oaep.obj
 0001:00013550       _RSA_padding_add_PKCS1_OAEP_mgf1 10014550 f   libeay32:rsa_oaep.obj
 0001:000138c0       _RSA_padding_check_PKCS1_OAEP 100148c0 f   libeay32:rsa_oaep.obj
 0001:000138f0       _RSA_padding_check_PKCS1_OAEP_mgf1 100148f0 f   libeay32:rsa_oaep.obj
 0001:00013d20       _RSA_padding_add_SSLv23    10014d20 f   libeay32:rsa_ssl.obj
 0001:00013dd0       _RSA_padding_check_SSLv23  10014dd0 f   libeay32:rsa_ssl.obj
 0001:00013ee0       _RSA_padding_add_none      10014ee0 f   libeay32:rsa_none.obj
 0001:00013f40       _RSA_padding_check_none    10014f40 f   libeay32:rsa_none.obj
 0001:00013fa0       _RSA_X931_hash_id          10014fa0 f   libeay32:rsa_x931.obj
 0001:00013fe0       _RSA_padding_add_X931      10014fe0 f   libeay32:rsa_x931.obj
 0001:00014060       _RSA_padding_check_X931    10015060 f   libeay32:rsa_x931.obj
 0001:00014150       _engine_table_doall        10015150 f   libeay32:eng_table.obj
 0001:00014190       _engine_table_select       10015190 f   libeay32:eng_table.obj
 0001:000142e0       _ENGINE_free               100152e0 f   libeay32:eng_lib.obj
 0001:00014360       _engine_free_util          10015360 f   libeay32:eng_lib.obj
 0001:000143f0       _OBJ_bsearch_              100153f0 f   libeay32:obj_dat.obj
 0001:00014410       _OBJ_bsearch_ex_           10015410 f   libeay32:obj_dat.obj
 0001:000144d0       _OBJ_ln2nid                100154d0 f   libeay32:obj_dat.obj
 0001:000145b0       _OBJ_nid2ln                100155b0 f   libeay32:obj_dat.obj
 0001:00014650       _OBJ_nid2obj               10015650 f   libeay32:obj_dat.obj
 0001:000146e0       _OBJ_nid2sn                100156e0 f   libeay32:obj_dat.obj
 0001:00014770       _OBJ_obj2nid               10015770 f   libeay32:obj_dat.obj
 0001:00014830       _OBJ_obj2txt               10015830 f   libeay32:obj_dat.obj
 0001:00014b70       _OBJ_sn2nid                10015b70 f   libeay32:obj_dat.obj
 0001:00014c50       _OBJ_txt2obj               10015c50 f   libeay32:obj_dat.obj
 0001:00014da0       _BN_sqr                    10015da0 f   libeay32:bn_sqr.obj
 0001:00014f70       _bn_sqr_normal             10015f70 f   libeay32:bn_sqr.obj
 0001:00015030       _bn_sqr_recursive          10016030 f   libeay32:bn_sqr.obj
 0001:000151b0       _BN_RECP_CTX_free          100161b0 f   libeay32:bn_recp.obj
 0001:000151e0       _BN_RECP_CTX_init          100161e0 f   libeay32:bn_recp.obj
 0001:00015210       _BN_RECP_CTX_set           10016210 f   libeay32:bn_recp.obj
 0001:00015250       _BN_div_recp               10016250 f   libeay32:bn_recp.obj
 0001:000154c0       _BN_mod_mul_reciprocal     100164c0 f   libeay32:bn_recp.obj
 0001:00015540       _BN_reciprocal             10016540 f   libeay32:bn_recp.obj
 0001:000155a0       _RAND_poll                 100165a0 f   libeay32:rand_win.obj
 0001:00015fb0       _EVP_Digest                10016fb0 f   libeay32:digest.obj
 0001:00016050       _EVP_DigestFinal           10017050 f   libeay32:digest.obj
 0001:00016080       _EVP_DigestFinal_ex        10017080 f   libeay32:digest.obj
 0001:00016100       _EVP_DigestInit_ex         10017100 f   libeay32:digest.obj
 0001:000162b0       _EVP_DigestUpdate          100172b0 f   libeay32:digest.obj
 0001:000162c0       _EVP_MD_CTX_cleanup        100172c0 f   libeay32:digest.obj
 0001:00016360       _EVP_MD_CTX_copy           10017360 f   libeay32:digest.obj
 0001:00016380       _EVP_MD_CTX_copy_ex        10017380 f   libeay32:digest.obj
 0001:000164d0       _EVP_MD_CTX_create         100174d0 f   libeay32:digest.obj
 0001:00016500       _EVP_MD_CTX_destroy        10017500 f   libeay32:digest.obj
 0001:00016520       _EVP_MD_CTX_init           10017520 f   libeay32:digest.obj
 0001:00016640       _EVP_sha1                  10017640 f   libeay32:m_sha1.obj
 0001:00016650       _EVP_sha224                10017650 f   libeay32:m_sha1.obj
 0001:00016660       _EVP_sha256                10017660 f   libeay32:m_sha1.obj
 0001:00016670       _EVP_CIPHER_CTX_flags      10017670 f   libeay32:evp_lib.obj
 0001:00016680       _EVP_CIPHER_CTX_key_length 10017680 f   libeay32:evp_lib.obj
 0001:00016690       _EVP_CIPHER_CTX_set_flags  10017690 f   libeay32:evp_lib.obj
 0001:000166a0       _EVP_CIPHER_CTX_test_flags 100176a0 f   libeay32:evp_lib.obj
 0001:000166b0       _EVP_CIPHER_asn1_to_param  100176b0 f   libeay32:evp_lib.obj
 0001:00016700       _EVP_CIPHER_get_asn1_iv    10017700 f   libeay32:evp_lib.obj
 0001:00016770       _EVP_CIPHER_param_to_asn1  10017770 f   libeay32:evp_lib.obj
 0001:000167e0       _EVP_CIPHER_set_asn1_iv    100177e0 f   libeay32:evp_lib.obj
 0001:00016830       _EVP_CIPHER_type           10017830 f   libeay32:evp_lib.obj
 0001:00016a80       _EVP_Cipher                10017a80 f   libeay32:evp_lib.obj
 0001:00016a90       _EVP_MD_CTX_clear_flags    10017a90 f   libeay32:evp_lib.obj
 0001:00016aa0       _EVP_MD_CTX_set_flags      10017aa0 f   libeay32:evp_lib.obj
 0001:00016ab0       _EVP_MD_CTX_test_flags     10017ab0 f   libeay32:evp_lib.obj
 0001:00016ac0       _EC_GROUP_get_seed_len     10017ac0 f   libeay32:ec_lib.obj
 0001:00016ac0       _EVP_MD_block_size         10017ac0 f   libeay32:evp_lib.obj
 0001:00016ad0       _EVP_MD_size               10017ad0 f   libeay32:evp_lib.obj
 0001:00016b00       _ENGINE_get_pkey_meth      10017b00 f   libeay32:tb_pkmeth.obj
 0001:00016b50       _ENGINE_get_pkey_meth_engine 10017b50 f   libeay32:tb_pkmeth.obj
 0001:00016b70       _engine_pkey_meths_free    10017b70 f   libeay32:tb_pkmeth.obj
 0001:00016be0       _ENGINE_get_pkey_asn1_meth 10017be0 f   libeay32:tb_asnmth.obj
 0001:00016c30       _ENGINE_get_pkey_asn1_meth_engine 10017c30 f   libeay32:tb_asnmth.obj
 0001:00016c50       _ENGINE_pkey_asn1_find_str 10017c50 f   libeay32:tb_asnmth.obj
 0001:00016ce0       _engine_pkey_asn1_meths_free 10017ce0 f   libeay32:tb_asnmth.obj
 0001:00016e00       _ASN1_OBJECT_free          10017e00 f   libeay32:a_object.obj
 0001:00016e70       _ASN1_OBJECT_new           10017e70 f   libeay32:a_object.obj
 0001:00016ed0       _a2d_ASN1_OBJECT           10017ed0 f   libeay32:a_object.obj
 0001:00017280       _c2i_ASN1_OBJECT           10018280 f   libeay32:a_object.obj
 0001:000173f0       _d2i_ASN1_OBJECT           100183f0 f   libeay32:a_object.obj
 0001:00017490       _i2a_ASN1_OBJECT           10018490 f   libeay32:a_object.obj
 0001:000175a0       _i2t_ASN1_OBJECT           100185a0 f   libeay32:a_object.obj
 0001:000175c0       _ASN1_STRING_clear_free    100185c0 f   libeay32:asn1_lib.obj
 0001:00017610       _ASN1_STRING_cmp           10018610 f   libeay32:asn1_lib.obj
 0001:00017690       _ASN1_STRING_copy          10018690 f   libeay32:asn1_lib.obj
 0001:000176d0       _ASN1_STRING_dup           100186d0 f   libeay32:asn1_lib.obj
 0001:00017730       _ASN1_STRING_free          10018730 f   libeay32:asn1_lib.obj
 0001:00017760       _ASN1_STRING_length        10018760 f   libeay32:asn1_lib.obj
 0001:00017760       _EVP_PKEY_id               10018760 f   libeay32:p_lib.obj
 0001:00017760       _EVP_MD_type               10018760 f   libeay32:evp_lib.obj
 0001:00017760       _EC_GROUP_method_of        10018760 f   libeay32:ec_lib.obj
 0001:00017760       _EVP_CIPHER_CTX_cipher     10018760 f   libeay32:evp_lib.obj
 0001:00017770       _ASN1_STRING_new           10018770 f   libeay32:asn1_lib.obj
 0001:000177d0       _ASN1_STRING_set           100187d0 f   libeay32:asn1_lib.obj
 0001:00017890       _ASN1_STRING_set0          10018890 f   libeay32:asn1_lib.obj
 0001:000178c0       _ASN1_STRING_type_new      100188c0 f   libeay32:asn1_lib.obj
 0001:00017920       _ASN1_get_object           10018920 f   libeay32:asn1_lib.obj
 0001:00017a60       _ASN1_object_size          10018a60 f   libeay32:asn1_lib.obj
 0001:00017ac0       _ASN1_put_eoc              10018ac0 f   libeay32:asn1_lib.obj
 0001:00017ae0       _ASN1_put_object           10018ae0 f   libeay32:asn1_lib.obj
 0001:00017c30       _OBJ_cmp                   10018c30 f   libeay32:obj_lib.obj
 0001:00017ca0       _OBJ_dup                   10018ca0 f   libeay32:obj_lib.obj
 0001:00017e30       _EVP_PKEY_CTX_ctrl         10018e30 f   libeay32:pmeth_lib.obj
 0001:00017f20       _EVP_PKEY_CTX_dup          10018f20 f   libeay32:pmeth_lib.obj
 0001:00018020       _EVP_PKEY_CTX_free         10019020 f   libeay32:pmeth_lib.obj
 0001:00018080       _EC_KEY_get0_public_key    10019080 f   libeay32:ec_key.obj
 0001:00018080       _ENGINE_get_RSA            10019080 f   libeay32:tb_rsa.obj
 0001:00018080       _EVP_CIPHER_key_length     10019080 f   libeay32:evp_lib.obj
 0001:00018080       _ASN1_STRING_data          10019080 f   libeay32:asn1_lib.obj
 0001:00018080       _EVP_PKEY_CTX_get0_pkey    10019080 f   libeay32:pmeth_lib.obj
 0001:00018090       _EVP_PKEY_CTX_new          10019090 f   libeay32:pmeth_lib.obj
 0001:000180b0       _EVP_PKEY_meth_find        100190b0 f   libeay32:pmeth_lib.obj
 0001:00018130       _EVP_PKEY_meth_free        10019130 f   libeay32:pmeth_lib.obj
 0001:000182b0       _ENGINE_get_digest         100192b0 f   libeay32:tb_digest.obj
 0001:00018300       _ENGINE_get_digest_engine  10019300 f   libeay32:tb_digest.obj
 0001:00018320       _RSA_sign                  10019320 f   libeay32:rsa_sign.obj
 0001:00018530       _RSA_verify                10019530 f   libeay32:rsa_sign.obj
 0001:00018570       _int_rsa_verify            10019570 f   libeay32:rsa_sign.obj
 0001:000189b0       _SHA1_Final                100199b0 f   libeay32:sha1dgst.obj
 0001:00018af0       _SHA1_Init                 10019af0 f   libeay32:sha1dgst.obj
 0001:00018b30       _SHA1_Update               10019b30 f   libeay32:sha1dgst.obj
 0001:0001a140       _SHA224_Init               1001b140 f   libeay32:sha256.obj
 0001:0001a1a0       _SHA256_Final              1001b1a0 f   libeay32:sha256.obj
 0001:0001a480       _SHA256_Init               1001b480 f   libeay32:sha256.obj
 0001:0001a4e0       _SHA256_Update             1001b4e0 f   libeay32:sha256.obj
 0001:0001b6b0       _SHA384_Init               1001c6b0 f   libeay32:sha512.obj
 0001:0001b760       _SHA512_Final              1001c760 f   libeay32:sha512.obj
 0001:0001bce0       _SHA512_Init               1001cce0 f   libeay32:sha512.obj
 0001:0001bd90       _SHA512_Update             1001cd90 f   libeay32:sha512.obj
 0001:0001c4e0       _ASN1_TYPE_get             1001d4e0 f   libeay32:a_type.obj
 0001:0001c500       _ASN1_TYPE_set             1001d500 f   libeay32:a_type.obj
 0001:0001c540       _ASN1_TYPE_set1            1001d540 f   libeay32:a_type.obj
 0001:0001c5f0       _ASN1_TYPE_get_octetstring 1001d5f0 f   libeay32:evp_asn1.obj
 0001:0001c640       _ASN1_TYPE_set_octetstring 1001d640 f   libeay32:evp_asn1.obj
 0001:0001c690       _EVP_PKEY_asn1_find        1001d690 f   libeay32:ameth_lib.obj
 0001:0001c760       _EVP_PKEY_asn1_find_str    1001d760 f   libeay32:ameth_lib.obj
 0001:0001c860       _EVP_PKEY_asn1_free        1001d860 f   libeay32:ameth_lib.obj
 0001:0001f980       _EVP_get_cipherbyname      10020980 f   libeay32:names.obj
 0001:0001f990       _EVP_get_digestbyname      10020990 f   libeay32:names.obj
 0001:0001f9a0       _EVP_PKEY_assign           100209a0 f   libeay32:p_lib.obj
 0001:0001f9e0       _EVP_PKEY_bits             100209e0 f   libeay32:p_lib.obj
 0001:0001fa00       _EVP_PKEY_cmp_parameters   10020a00 f   libeay32:p_lib.obj
 0001:0001fa30       _EVP_PKEY_copy_parameters  10020a30 f   libeay32:p_lib.obj
 0001:0001fb00       _EVP_PKEY_free             10020b00 f   libeay32:p_lib.obj
 0001:0001fb80       _EVP_PKEY_get_default_digest_nid 10020b80 f   libeay32:p_lib.obj
 0001:0001fbb0       _EVP_PKEY_missing_parameters 10020bb0 f   libeay32:p_lib.obj
 0001:0001fbd0       _EVP_PKEY_new              10020bd0 f   libeay32:p_lib.obj
 0001:0001fc40       _EVP_PKEY_set1_EC_KEY      10020c40 f   libeay32:p_lib.obj
 0001:0001fc90       _EVP_PKEY_set_type         10020c90 f   libeay32:p_lib.obj
 0001:0001fcb0       _EVP_PKEY_size             10020cb0 f   libeay32:p_lib.obj
 0001:0001fcd0       _EVP_PKEY_type             10020cd0 f   libeay32:p_lib.obj
 0001:0001fe20       _X509_SIG_free             10020e20 f   libeay32:x_sig.obj
 0001:0001fe40       _X509_SIG_it               10020e40 f   libeay32:x_sig.obj
 0001:0001fe50       _d2i_X509_SIG              10020e50 f   libeay32:x_sig.obj
 0001:0001fe70       _i2d_X509_SIG              10020e70 f   libeay32:x_sig.obj
 0001:0001fe90       _ASN1_item_ex_free         10020e90 f   libeay32:tasn_fre.obj
 0001:0001feb0       _ASN1_item_free            10020eb0 f   libeay32:tasn_fre.obj
 0001:0001fed0       _ASN1_primitive_free       10020ed0 f   libeay32:tasn_fre.obj
 0001:0001ffb0       _ASN1_template_free        10020fb0 f   libeay32:tasn_fre.obj
 0001:00020220       _ASN1_ANY_it               10021220 f   libeay32:tasn_typ.obj
 0001:00020230       _ASN1_BIT_STRING_free      10021230 f   libeay32:tasn_typ.obj
 0001:00020250       _ASN1_BIT_STRING_it        10021250 f   libeay32:tasn_typ.obj
 0001:00020260       _ASN1_BIT_STRING_new       10021260 f   libeay32:tasn_typ.obj
 0001:00020270       _ASN1_BOOLEAN_it           10021270 f   libeay32:tasn_typ.obj
 0001:00020280       _ASN1_ENUMERATED_free      10021280 f   libeay32:tasn_typ.obj
 0001:000202a0       _ASN1_ENUMERATED_it        100212a0 f   libeay32:tasn_typ.obj
 0001:000202b0       _ASN1_FBOOLEAN_it          100212b0 f   libeay32:tasn_typ.obj
 0001:000202c0       _ASN1_GENERALIZEDTIME_free 100212c0 f   libeay32:tasn_typ.obj
 0001:000202e0       _ASN1_GENERALIZEDTIME_it   100212e0 f   libeay32:tasn_typ.obj
 0001:000202f0       _ASN1_GENERALIZEDTIME_new  100212f0 f   libeay32:tasn_typ.obj
 0001:00020300       _ASN1_IA5STRING_it         10021300 f   libeay32:tasn_typ.obj
 0001:00020310       _ASN1_INTEGER_free         10021310 f   libeay32:tasn_typ.obj
 0001:00020330       _ASN1_INTEGER_it           10021330 f   libeay32:tasn_typ.obj
 0001:00020340       _ASN1_INTEGER_new          10021340 f   libeay32:tasn_typ.obj
 0001:00020350       _ASN1_NULL_it              10021350 f   libeay32:tasn_typ.obj
 0001:00020360       _ASN1_NULL_new             10021360 f   libeay32:tasn_typ.obj
 0001:00020370       _ASN1_OBJECT_it            10021370 f   libeay32:tasn_typ.obj
 0001:00020380       _ASN1_OCTET_STRING_NDEF_it 10021380 f   libeay32:tasn_typ.obj
 0001:00020390       _ASN1_OCTET_STRING_free    10021390 f   libeay32:tasn_typ.obj
 0001:000203b0       _ASN1_OCTET_STRING_it      100213b0 f   libeay32:tasn_typ.obj
 0001:000203c0       _ASN1_OCTET_STRING_new     100213c0 f   libeay32:tasn_typ.obj
 0001:000203d0       _ASN1_PRINTABLE_it         100213d0 f   libeay32:tasn_typ.obj
 0001:000203e0       _ASN1_SEQUENCE_it          100213e0 f   libeay32:tasn_typ.obj
 0001:000203f0       _ASN1_TYPE_free            100213f0 f   libeay32:tasn_typ.obj
 0001:00020410       _ASN1_TYPE_new             10021410 f   libeay32:tasn_typ.obj
 0001:00020420       _ASN1_UTF8STRING_it        10021420 f   libeay32:tasn_typ.obj
 0001:00020430       _DIRECTORYSTRING_it        10021430 f   libeay32:tasn_typ.obj
 0001:00020440       _DISPLAYTEXT_it            10021440 f   libeay32:tasn_typ.obj
 0001:00020450       _d2i_ASN1_INTEGER          10021450 f   libeay32:tasn_typ.obj
 0001:00020470       _d2i_ASN1_OCTET_STRING     10021470 f   libeay32:tasn_typ.obj
 0001:00020490       _d2i_ASN1_SEQUENCE_ANY     10021490 f   libeay32:tasn_typ.obj
 0001:000204b0       _d2i_ASN1_TYPE             100214b0 f   libeay32:tasn_typ.obj
 0001:000204d0       _i2d_ASN1_INTEGER          100214d0 f   libeay32:tasn_typ.obj
 0001:000204f0       _i2d_ASN1_OCTET_STRING     100214f0 f   libeay32:tasn_typ.obj
 0001:00020510       _i2d_ASN1_SEQUENCE_ANY     10021510 f   libeay32:tasn_typ.obj
 0001:00020530       _i2d_ASN1_SET_ANY          10021530 f   libeay32:tasn_typ.obj
 0001:00020550       _i2d_ASN1_TYPE             10021550 f   libeay32:tasn_typ.obj
 0001:00020570       _ASN1_INTEGER_cmp          10021570 f   libeay32:a_int.obj
 0001:000205b0       _ASN1_INTEGER_get          100215b0 f   libeay32:a_int.obj
 0001:00020620       _ASN1_INTEGER_set          10021620 f   libeay32:a_int.obj
 0001:00020710       _ASN1_INTEGER_to_BN        10021710 f   libeay32:a_int.obj
 0001:00020770       _BN_to_ASN1_INTEGER        10021770 f   libeay32:a_int.obj
 0001:00020850       _c2i_ASN1_INTEGER          10021850 f   libeay32:a_int.obj
 0001:000209d0       _d2i_ASN1_UINTEGER         100219d0 f   libeay32:a_int.obj
 0001:00020b20       _i2c_ASN1_INTEGER          10021b20 f   libeay32:a_int.obj
 0001:000238f0       _DHparams_dup              100248f0 f   libeay32:dh_ameth.obj
 0001:00025e10       _RSA_generate_key_ex       10026e10 f   libeay32:rsa_gen.obj
 0001:000262f0       _RSA_sign_ASN1_OCTET_STRING 100272f0 f   libeay32:rsa_saos.obj
 0001:000263f0       _RSA_padding_add_PKCS1_PSS_mgf1 100273f0 f   libeay32:rsa_pss.obj
 0001:000266e0       _RSA_verify_PKCS1_PSS_mgf1 100276e0 f   libeay32:rsa_pss.obj
 0001:00026b40       _X509V3_NAME_from_section  10027b40 f   libeay32:v3_utl.obj
 0001:00026bf0       _X509V3_add_value          10027bf0 f   libeay32:v3_utl.obj
 0001:00026cc0       _X509V3_add_value_bool     10027cc0 f   libeay32:v3_utl.obj
 0001:00026cf0       _X509V3_add_value_int      10027cf0 f   libeay32:v3_utl.obj
 0001:00026d70       _X509V3_add_value_uchar    10027d70 f   libeay32:v3_utl.obj
 0001:00026d80       _X509V3_conf_free          10027d80 f   libeay32:v3_utl.obj
 0001:00026dd0       _X509V3_get_value_bool     10027dd0 f   libeay32:v3_utl.obj
 0001:000270b0       _X509V3_get_value_int      100280b0 f   libeay32:v3_utl.obj
 0001:00027100       _X509V3_parse_list         10028100 f   libeay32:v3_utl.obj
 0001:000272b0       ___local_stdio_scanf_options 100282b0 f i libeay32:v3_utl.obj
 0001:000272c0       _a2i_IPADDRESS             100282c0 f   libeay32:v3_utl.obj
 0001:00027370       _a2i_IPADDRESS_NC          10028370 f   libeay32:v3_utl.obj
 0001:00027480       _a2i_ipadd                 10028480 f   libeay32:v3_utl.obj
 0001:000274c0       _hex_to_string             100284c0 f   libeay32:v3_utl.obj
 0001:00027550       _i2s_ASN1_ENUMERATED       10028550 f   libeay32:v3_utl.obj
 0001:000275b0       _i2s_ASN1_INTEGER          100285b0 f   libeay32:v3_utl.obj
 0001:00027920       _name_cmp                  10028920 f   libeay32:v3_utl.obj
 0001:00027970       _s2i_ASN1_INTEGER          10028970 f   libeay32:v3_utl.obj
 0001:00027a80       _sscanf                    10028a80 f i libeay32:v3_utl.obj
 0001:00027ab0       _string_to_hex             10028ab0 f   libeay32:v3_utl.obj
 0001:00027cc0       _evp_pkey_set_cb_translate 10028cc0 f   libeay32:pmeth_gn.obj
 0001:00027d10       _DH_free                   10028d10 f   libeay32:dh_lib.obj
 0001:00027e00       _DH_new                    10028e00 f   libeay32:dh_lib.obj
 0001:00027e10       _DH_new_method             10028e10 f   libeay32:dh_lib.obj
 0001:00027fa0       _DH_size                   10028fa0 f   libeay32:dh_lib.obj
 0001:00027fc0       _DH_generate_parameters_ex 10028fc0 f   libeay32:dh_gen.obj
 0001:00028530       _DH_OpenSSL                10029530 f   libeay32:dh_key.obj
 0001:00028540       _DH_compute_key            10029540 f   libeay32:dh_key.obj
 0001:00028550       _DH_compute_key_padded     10029550 f   libeay32:dh_key.obj
 0001:000285c0       _DH_generate_key           100295c0 f   libeay32:dh_key.obj
 0001:000285d0       _DH_get_1024_160           100295d0 f   libeay32:dh_rfc5114.obj
 0001:00028630       _DH_get_2048_224           10029630 f   libeay32:dh_rfc5114.obj
 0001:00028690       _DH_get_2048_256           10029690 f   libeay32:dh_rfc5114.obj
 0001:000286f0       _DH_KDF_X9_42              100296f0 f   libeay32:dh_kdf.obj
 0001:00028aa0       _DSA_dup_DH                10029aa0 f   libeay32:dsa_lib.obj
 0001:00028b50       _DSA_free                  10029b50 f   libeay32:dsa_lib.obj
 0001:00028c30       _DSA_new                   10029c30 f   libeay32:dsa_lib.obj
 0001:00028c40       _DSA_new_method            10029c40 f   libeay32:dsa_lib.obj
 0001:00028dd0       _DSA_size                  10029dd0 f   libeay32:dsa_lib.obj
 0001:00028e30       _dsa_builtin_paramgen      10029e30 f   libeay32:dsa_gen.obj
 0001:000295c0       _dsa_builtin_paramgen2     1002a5c0 f   libeay32:dsa_gen.obj
 0001:00029f90       _dsa_pub_internal_it       1002af90 f   libeay32:dsa_asn1.obj
 0001:00029fa0       _DSA_sign                  1002afa0 f   libeay32:dsa_asn1.obj
 0001:0002a000       _DSA_verify                1002b000 f   libeay32:dsa_asn1.obj
 0001:0002a110       _d2i_DSAPrivateKey         1002b110 f   libeay32:dsa_asn1.obj
 0001:0002a130       _d2i_DSA_SIG               1002b130 f   libeay32:dsa_asn1.obj
 0001:0002a150       _d2i_DSAparams             1002b150 f   libeay32:dsa_asn1.obj
 0001:0002a170       _i2d_DSAPrivateKey         1002b170 f   libeay32:dsa_asn1.obj
 0001:0002a190       _i2d_DSAPublicKey          1002b190 f   libeay32:dsa_asn1.obj
 0001:0002a1b0       _i2d_DSAparams             1002b1b0 f   libeay32:dsa_asn1.obj
 0001:0002a1d0       _DSA_generate_key          1002b1d0 f   libeay32:dsa_key.obj
 0001:0002a310       _EC_EX_DATA_clear_free_all_data 1002b310 f   libeay32:ec_lib.obj
 0001:0002a350       _EC_EX_DATA_free_all_data  1002b350 f   libeay32:ec_lib.obj
 0001:0002a390       _EC_EX_DATA_free_data      1002b390 f   libeay32:ec_lib.obj
 0001:0002a3f0       _EC_EX_DATA_get_data       1002b3f0 f   libeay32:ec_lib.obj
 0001:0002a430       _EC_EX_DATA_set_data       1002b430 f   libeay32:ec_lib.obj
 0001:0002a4d0       _EC_GROUP_clear_free       1002b4d0 f   libeay32:ec_lib.obj
 0001:0002a590       _EC_GROUP_cmp              1002b590 f   libeay32:ec_lib.obj
 0001:0002a790       _EC_GROUP_copy             1002b790 f   libeay32:ec_lib.obj
 0001:0002a9c0       _EC_GROUP_dup              1002b9c0 f   libeay32:ec_lib.obj
 0001:0002aa00       _EC_GROUP_free             1002ba00 f   libeay32:ec_lib.obj
 0001:0002aaa0       _EC_GROUP_get0_seed        1002baa0 f   libeay32:ec_lib.obj
 0001:0002aaa0       _CMS_SignerInfo_get0_pkey_ctx 1002baa0 f   libeay32:cms_sd.obj
 0001:0002aab0       _EC_GROUP_get_asn1_flag    1002bab0 f   libeay32:ec_lib.obj
 0001:0002aac0       _EC_GROUP_get_cofactor     1002bac0 f   libeay32:ec_lib.obj
 0001:0002aaf0       _EC_GROUP_get_curve_GF2m   1002baf0 f   libeay32:ec_lib.obj
 0001:0002ab30       _EC_GROUP_get_curve_GFp    1002bb30 f   libeay32:ec_lib.obj
 0001:0002ab70       _EC_GROUP_get_curve_name   1002bb70 f   libeay32:ec_lib.obj
 0001:0002ab80       _EC_GROUP_get_degree       1002bb80 f   libeay32:ec_lib.obj
 0001:0002abc0       _EC_GROUP_get_mont_data    1002bbc0 f   libeay32:ec_lib.obj
 0001:0002abe0       _EC_GROUP_get_order        1002bbe0 f   libeay32:ec_lib.obj
 0001:0002ac10       _EC_GROUP_get_point_conversion_form 1002bc10 f   libeay32:ec_lib.obj
 0001:0002ac20       _EC_GROUP_have_precompute_mult 1002bc20 f   libeay32:ec_lib.obj
 0001:0002ac50       _EC_GROUP_new              1002bc50 f   libeay32:ec_lib.obj
 0001:0002ad40       _EC_GROUP_set_asn1_flag    1002bd40 f   libeay32:ec_lib.obj
 0001:0002ad60       _EC_GROUP_set_curve_GF2m   1002bd60 f   libeay32:ec_lib.obj
 0001:0002ada0       _EC_GROUP_set_curve_GFp    1002bda0 f   libeay32:ec_lib.obj
 0001:0002add0       _EC_GROUP_set_curve_name   1002bdd0 f   libeay32:ec_lib.obj
 0001:0002ade0       _EC_GROUP_set_generator    1002bde0 f   libeay32:ec_lib.obj
 0001:0002aea0       _EC_GROUP_set_point_conversion_form 1002bea0 f   libeay32:ec_lib.obj
 0001:0002aeb0       _EC_GROUP_set_seed         1002beb0 f   libeay32:ec_lib.obj
 0001:0002af20       _EC_POINT_add              1002bf20 f   libeay32:ec_lib.obj
 0001:0002afa0       _EC_POINT_clear_free       1002bfa0 f   libeay32:ec_lib.obj
 0001:0002afe0       _EC_POINT_cmp              1002bfe0 f   libeay32:ec_lib.obj
 0001:0002b050       _EC_POINT_copy             1002c050 f   libeay32:ec_lib.obj
 0001:0002b0c0       _EC_POINT_dbl              1002c0c0 f   libeay32:ec_lib.obj
 0001:0002b130       _EC_POINT_dup              1002c130 f   libeay32:ec_lib.obj
 0001:0002b180       _EC_POINT_free             1002c180 f   libeay32:ec_lib.obj
 0001:0002b1b0       _EC_POINT_get_affine_coordinates_GF2m 1002c1b0 f   libeay32:ec_lib.obj
 0001:0002b220       _EC_POINT_get_affine_coordinates_GFp 1002c220 f   libeay32:ec_lib.obj
 0001:0002b290       _EC_POINT_invert           1002c290 f   libeay32:ec_lib.obj
 0001:0002b2f0       _EC_POINT_is_at_infinity   1002c2f0 f   libeay32:ec_lib.obj
 0001:0002b350       _EC_POINT_is_on_curve      1002c350 f   libeay32:ec_lib.obj
 0001:0002b3b0       _EC_POINT_make_affine      1002c3b0 f   libeay32:ec_lib.obj
 0001:0002b410       _EC_POINT_mul              1002c410 f   libeay32:ec_lib.obj
 0001:0002b490       _EC_POINT_new              1002c490 f   libeay32:ec_lib.obj
 0001:0002b540       _EC_POINT_set_Jprojective_coordinates_GFp 1002c540 f   libeay32:ec_lib.obj
 0001:0002b5b0       _EC_POINT_set_affine_coordinates_GF2m 1002c5b0 f   libeay32:ec_lib.obj
 0001:0002b620       _EC_POINT_set_affine_coordinates_GFp 1002c620 f   libeay32:ec_lib.obj
 0001:0002b690       _EC_POINT_set_to_infinity  1002c690 f   libeay32:ec_lib.obj
 0001:0002b6f0       _EC_POINTs_make_affine     1002c6f0 f   libeay32:ec_lib.obj
 0001:0002b770       _ec_precompute_mont_data   1002c770 f   libeay32:ec_lib.obj
 0001:0002b800       _EC_GROUP_new_by_curve_name 1002c800 f   libeay32:ec_curve.obj
 0001:0002bbf0       _EC_curve_nid2nist         1002cbf0 f   libeay32:ec_curve.obj
 0001:0002bc10       _EC_curve_nist2nid         1002cc10 f   libeay32:ec_curve.obj
 0001:0002bc70       _EC_KEY_clear_flags        1002cc70 f   libeay32:ec_key.obj
 0001:0002bc80       _EC_KEY_copy               1002cc80 f   libeay32:ec_key.obj
 0001:0002bdd0       _EC_KEY_dup                1002cdd0 f   libeay32:ec_key.obj
 0001:0002be00       _EC_KEY_free               1002ce00 f   libeay32:ec_key.obj
 0001:0002be70       _EC_KEY_generate_key       1002ce70 f   libeay32:ec_key.obj
 0001:0002bfa0       _EC_GROUP_get0_generator   1002cfa0 f   libeay32:ec_lib.obj
 0001:0002bfa0       _EC_KEY_get0_group         1002cfa0 f   libeay32:ec_key.obj
 0001:0002bfa0       _EC_METHOD_get_field_type  1002cfa0 f   libeay32:ec_lib.obj
 0001:0002bfa0       _CRYPTO_THREADID_hash      1002cfa0 f   libeay32:cryptlib.obj
 0001:0002bfa0       _EVP_MD_pkey_type          1002cfa0 f   libeay32:evp_lib.obj
 0001:0002bfb0       _EC_KEY_get_conv_form      1002cfb0 f   libeay32:ec_key.obj
 0001:0002bfb0       _ENGINE_get_ECDH           1002cfb0 f   libeay32:tb_ecdh.obj
 0001:0002bfc0       _EVP_CIPHER_flags          1002cfc0 f   libeay32:evp_lib.obj
 0001:0002bfc0       _ENGINE_get_DH             1002cfc0 f   libeay32:tb_dh.obj
 0001:0002bfc0       _EC_KEY_get_enc_flags      1002cfc0 f   libeay32:ec_key.obj
 0001:0002bfd0       _EC_KEY_get_key_method_data 1002cfd0 f   libeay32:ec_key.obj
 0001:0002c020       _EC_KEY_insert_key_method_data 1002d020 f   libeay32:ec_key.obj
 0001:0002c090       _EC_KEY_new                1002d090 f   libeay32:ec_key.obj
 0001:0002c100       _EC_KEY_set_enc_flags      1002d100 f   libeay32:ec_key.obj
 0001:0002c110       _EC_KEY_set_flags          1002d110 f   libeay32:ec_key.obj
 0001:0002c120       _EC_KEY_set_group          1002d120 f   libeay32:ec_key.obj
 0001:0002c150       _EC_KEY_set_public_key     1002d150 f   libeay32:ec_key.obj
 0001:0002c190       _EC_KEY_up_ref             1002d190 f   libeay32:ec_key.obj
 0001:0002c280       _ECDSA_size                1002d280 f   libeay32:ecs_lib.obj
 0001:0002c330       _ecdsa_check               1002d330 f   libeay32:ecs_lib.obj
 0001:0002c400       _ECDSA_sign                1002d400 f   libeay32:ecs_sign.obj
 0001:0002c430       _ECDSA_sign_ex             1002d430 f   libeay32:ecs_sign.obj
 0001:0002c4a0       _ECDSA_sign_setup          1002d4a0 f   libeay32:ecs_sign.obj
 0001:0002c4c0       _ECDSA_verify              1002d4c0 f   libeay32:ecs_vrf.obj
 0001:0002c5e0       _ECDH_compute_key          1002d5e0 f   libeay32:ech_key.obj
 0001:0002c600       _ECDH_KDF_X9_62            1002d600 f   libeay32:ech_kdf.obj
 0001:0002c7f0       _ASN1_OCTET_STRING_cmp     1002d7f0 f   libeay32:a_octet.obj
 0001:0002c800       _ASN1_OCTET_STRING_dup     1002d800 f   libeay32:a_octet.obj
 0001:0002c810       _HMAC_CTX_cleanup          1002d810 f   libeay32:hmac.obj
 0001:0002c840       _HMAC_CTX_copy             1002d840 f   libeay32:hmac.obj
 0001:0002c8b0       _HMAC_CTX_init             1002d8b0 f   libeay32:hmac.obj
 0001:0002c8e0       _HMAC_CTX_set_flags        1002d8e0 f   libeay32:hmac.obj
 0001:0002c910       _HMAC_Final                1002d910 f   libeay32:hmac.obj
 0001:0002c9c0       _HMAC_Init_ex              1002d9c0 f   libeay32:hmac.obj
 0001:0002cbd0       _HMAC_Update               1002dbd0 f   libeay32:hmac.obj
 0001:0002cbf0       _CMAC_CTX_cleanup          1002dbf0 f   libeay32:cmac.obj
 0001:0002cc50       _CMAC_CTX_copy             1002dc50 f   libeay32:cmac.obj
 0001:0002ccf0       _CMAC_CTX_free             1002dcf0 f   libeay32:cmac.obj
 0001:0002cd10       _CMAC_CTX_new              1002dd10 f   libeay32:cmac.obj
 0001:0002cd50       _CMAC_Final                1002dd50 f   libeay32:cmac.obj
 0001:0002ce30       _CMAC_Init                 1002de30 f   libeay32:cmac.obj
 0001:0002cfa0       _CMAC_Update               1002dfa0 f   libeay32:cmac.obj
 0001:0002d0e0       _OBJ_NAME_get              1002e0e0 f   libeay32:o_names.obj
 0001:0002d190       _OBJ_NAME_init             1002e190 f   libeay32:o_names.obj
 0001:0002d2c0       _OBJ_find_sigid_algs       1002e2c0 f   libeay32:obj_xref.obj
 0001:0002d380       _OBJ_find_sigid_by_algs    1002e380 f   libeay32:obj_xref.obj
 0001:0002d460       _EVP_PBE_CipherInit        1002e460 f   libeay32:evp_pbe.obj
 0001:0002d650       _EVP_PBE_find              1002e650 f   libeay32:evp_pbe.obj
 0001:0002d720       _X509_ATTRIBUTE_SET_it     1002e720 f   libeay32:x_attrib.obj
 0001:0002d730       _X509_ATTRIBUTE_create     1002e730 f   libeay32:x_attrib.obj
 0001:0002d7c0       _X509_ATTRIBUTE_dup        1002e7c0 f   libeay32:x_attrib.obj
 0001:0002d7e0       _X509_ATTRIBUTE_free       1002e7e0 f   libeay32:x_attrib.obj
 0001:0002d800       _X509_ATTRIBUTE_it         1002e800 f   libeay32:x_attrib.obj
 0001:0002d810       _X509_ATTRIBUTE_new        1002e810 f   libeay32:x_attrib.obj
 0001:0002d820       _X509_ALGOR_it             1002e820 f   libeay32:x_algor.obj
 0001:0002d830       _X509_ALGOR_free           1002e830 f   libeay32:x_algor.obj
 0001:0002d850       _X509_ALGOR_get0           1002e850 f   libeay32:x_algor.obj
 0001:0002d890       _X509_ALGOR_new            1002e890 f   libeay32:x_algor.obj
 0001:0002d8a0       _X509_ALGOR_set0           1002e8a0 f   libeay32:x_algor.obj
 0001:0002d920       _X509_ALGOR_set_md         1002e920 f   libeay32:x_algor.obj
 0001:0002d960       _d2i_X509_ALGOR            1002e960 f   libeay32:x_algor.obj
 0001:0002d980       _i2d_X509_ALGOR            1002e980 f   libeay32:x_algor.obj
 0001:0002d9a0       _ASN1_item_ex_new          1002e9a0 f   libeay32:tasn_new.obj
 0001:0002d9c0       _ASN1_item_new             1002e9c0 f   libeay32:tasn_new.obj
 0001:0002da00       _ASN1_primitive_new        1002ea00 f   libeay32:tasn_new.obj
 0001:0002db00       _ASN1_template_new         1002eb00 f   libeay32:tasn_new.obj
 0001:0002deb0       _ASN1_item_d2i             1002eeb0 f   libeay32:tasn_dec.obj
 0001:0002df30       _ASN1_item_ex_d2i          1002ef30 f   libeay32:tasn_dec.obj
 0001:0002e6f0       _ASN1_tag2bit              1002f6f0 f   libeay32:tasn_dec.obj
 0001:0002eee0       _asn1_ex_c2i               1002fee0 f   libeay32:tasn_dec.obj
 0001:0002f720       _ASN1_item_ex_i2d          10030720 f   libeay32:tasn_enc.obj
 0001:0002fa90       _ASN1_item_i2d             10030a90 f   libeay32:tasn_enc.obj
 0001:0002fab0       _asn1_ex_i2c               10030ab0 f   libeay32:tasn_enc.obj
 0001:00030300       _asn1_do_adb               10031300 f   libeay32:tasn_utl.obj
 0001:000303a0       _asn1_do_lock              100313a0 f   libeay32:tasn_utl.obj
 0001:000303f0       _asn1_enc_free             100313f0 f   libeay32:tasn_utl.obj
 0001:00030440       _asn1_enc_init             10031440 f   libeay32:tasn_utl.obj
 0001:00030480       _asn1_enc_restore          10031480 f   libeay32:tasn_utl.obj
 0001:000304f0       _asn1_enc_save             100314f0 f   libeay32:tasn_utl.obj
 0001:00030570       _asn1_get_choice_selector  10031570 f   libeay32:tasn_utl.obj
 0001:00030590       _asn1_get_field_ptr        10031590 f   libeay32:tasn_utl.obj
 0001:000305b0       _asn1_set_choice_selector  100315b0 f   libeay32:tasn_utl.obj
 0001:000305d0       _BUF_MEM_free              100315d0 f   libeay32:buffer.obj
 0001:00030600       _BUF_MEM_grow              10031600 f   libeay32:buffer.obj
 0001:000306e0       _BUF_MEM_grow_clean        100316e0 f   libeay32:buffer.obj
 0001:000307e0       _BUF_MEM_new               100317e0 f   libeay32:buffer.obj
 0001:00030830       _BUF_reverse               10031830 f   libeay32:buffer.obj
 0001:00030890       _i2a_ASN1_INTEGER          10031890 f   libeay32:f_int.obj
 0001:00030990       _ASN1_bn_print             10031990 f   libeay32:t_pkey.obj
 0001:00030b50       _ASN1_item_pack            10031b50 f   libeay32:asn_pack.obj
 0001:00030c00       _EVP_DigestSignFinal       10031c00 f   libeay32:m_sigver.obj
 0001:00030da0       _EVP_DigestSignInit        10031da0 f   libeay32:m_sigver.obj
 0001:00030dc0       _EVP_DigestVerifyFinal     10031dc0 f   libeay32:m_sigver.obj
 0001:00030ec0       _EVP_DigestVerifyInit      10031ec0 f   libeay32:m_sigver.obj
 0001:00031070       _RSA_OAEP_PARAMS_free      10032070 f   libeay32:rsa_asn1.obj
 0001:00031090       _RSA_OAEP_PARAMS_it        10032090 f   libeay32:rsa_asn1.obj
 0001:000310a0       _RSA_OAEP_PARAMS_new       100320a0 f   libeay32:rsa_asn1.obj
 0001:000310b0       _RSA_PSS_PARAMS_free       100320b0 f   libeay32:rsa_asn1.obj
 0001:000310d0       _RSA_PSS_PARAMS_it         100320d0 f   libeay32:rsa_asn1.obj
 0001:000310e0       _RSA_PSS_PARAMS_new        100320e0 f   libeay32:rsa_asn1.obj
 0001:000310f0       _d2i_RSAPrivateKey         100320f0 f   libeay32:rsa_asn1.obj
 0001:00031110       _d2i_RSAPublicKey          10032110 f   libeay32:rsa_asn1.obj
 0001:00031130       _d2i_RSA_OAEP_PARAMS       10032130 f   libeay32:rsa_asn1.obj
 0001:00031150       _d2i_RSA_PSS_PARAMS        10032150 f   libeay32:rsa_asn1.obj
 0001:00031170       _i2d_RSAPrivateKey         10032170 f   libeay32:rsa_asn1.obj
 0001:00031190       _i2d_RSAPublicKey          10032190 f   libeay32:rsa_asn1.obj
 0001:000311b0       _PKCS7_RECIP_INFO_get0_alg 100321b0 f   libeay32:pk7_lib.obj
 0001:000311d0       _PKCS7_SIGNER_INFO_get0_algs 100321d0 f   libeay32:pk7_lib.obj
 0001:00031200       _PKCS7_ctrl                10032200 f   libeay32:pk7_lib.obj
 0001:000312d0       _PKCS7_stream              100322d0 f   libeay32:pk7_lib.obj
 0001:00031380       _ASN1_GENERALIZEDTIME_print 10032380 f   libeay32:t_x509.obj
 0001:00031540       _ASN1_STRING_print         10032540 f   libeay32:t_x509.obj
 0001:00031600       _X509_NAME_print           10032600 f   libeay32:t_x509.obj
 0001:000316f0       _X509_signature_dump       100326f0 f   libeay32:t_x509.obj
 0001:00031810       _PKCS8_PRIV_KEY_INFO_it    10032810 f   libeay32:p8_pkey.obj
 0001:00031820       _PKCS8_pkey_get0           10032820 f   libeay32:p8_pkey.obj
 0001:00031890       _PKCS8_pkey_set0           10032890 f   libeay32:p8_pkey.obj
 0001:00031940       _X509_PUBKEY_get           10032940 f   libeay32:x_pubkey.obj
 0001:00031aa0       _X509_PUBKEY_get0_param    10032aa0 f   libeay32:x_pubkey.obj
 0001:00031ae0       _X509_PUBKEY_it            10032ae0 f   libeay32:x_pubkey.obj
 0001:00031af0       _X509_PUBKEY_set0_param    10032af0 f   libeay32:x_pubkey.obj
 0001:00031b60       _CMS_RecipientInfo_encrypt 10032b60 f   libeay32:cms_env.obj
 0001:00031bd0       _CMS_RecipientInfo_get0_pkey_ctx 10032bd0 f   libeay32:cms_env.obj
 0001:00031bf0       _CMS_RecipientInfo_ktri_get0_algs 10032bf0 f   libeay32:cms_env.obj
 0001:00031c50       _cms_EnvelopedData_init_bio 10032c50 f   libeay32:cms_env.obj
 0001:00032000       _cms_env_asn1_ctrl         10033000 f   libeay32:cms_env.obj
 0001:000321d0       _CMS_SignerInfo_get0_algs  100331d0 f   libeay32:cms_sd.obj
 0001:00032210       _CMS_SignerInfo_sign       10033210 f   libeay32:cms_sd.obj
 0001:00032430       _cms_SignedData_final      10033430 f   libeay32:cms_sd.obj
 0001:000324d0       _cms_SignedData_init_bio   100334d0 f   libeay32:cms_sd.obj
 0001:000329b0       _DSA_SIG_free              100339b0 f   libeay32:dsa_sign.obj
 0001:000329f0       _DSA_SIG_new               100339f0 f   libeay32:dsa_sign.obj
 0001:00032a20       _DSA_do_sign               10033a20 f   libeay32:dsa_sign.obj
 0001:00032a30       _DSA_sign_setup            10033a30 f   libeay32:dsa_sign.obj
 0001:00032a40       _EVP_CIPHER_CTX_cleanup    10033a40 f   libeay32:evp_enc.obj
 0001:00032ab0       _EVP_CIPHER_CTX_copy       10033ab0 f   libeay32:evp_enc.obj
 0001:00032bd0       _EVP_CIPHER_CTX_ctrl       10033bd0 f   libeay32:evp_enc.obj
 0001:00032c60       _EVP_CIPHER_CTX_init       10033c60 f   libeay32:evp_enc.obj
 0001:00032c80       _EVP_CIPHER_CTX_rand_key   10033c80 f   libeay32:evp_enc.obj
 0001:00032cc0       _EVP_CIPHER_CTX_set_key_length 10033cc0 f   libeay32:evp_enc.obj
 0001:00032d20       _EVP_CIPHER_CTX_set_padding 10033d20 f   libeay32:evp_enc.obj
 0001:00032d50       _EVP_CipherFinal_ex        10033d50 f   libeay32:evp_enc.obj
 0001:00032d70       _EVP_CipherInit_ex         10033d70 f   libeay32:evp_enc.obj
 0001:00033050       _EVP_CipherUpdate          10034050 f   libeay32:evp_enc.obj
 0001:00033070       _EVP_DecryptFinal_ex       10034070 f   libeay32:evp_enc.obj
 0001:000331d0       _EVP_DecryptInit_ex        100341d0 f   libeay32:evp_enc.obj
 0001:000331f0       _EVP_DecryptUpdate         100341f0 f   libeay32:evp_enc.obj
 0001:00033330       _EVP_EncryptFinal_ex       10034330 f   libeay32:evp_enc.obj
 0001:00033420       _EVP_EncryptInit_ex        10034420 f   libeay32:evp_enc.obj
 0001:00033440       _EVP_EncryptUpdate         10034440 f   libeay32:evp_enc.obj
 0001:000335e0       _EVP_PKEY_derive           100345e0 f   libeay32:pmeth_fn.obj
 0001:000336d0       _EVP_PKEY_derive_set_peer  100346d0 f   libeay32:pmeth_fn.obj
 0001:00033850       _EVP_PKEY_encrypt          10034850 f   libeay32:pmeth_fn.obj
 0001:00033950       _EVP_PKEY_encrypt_init     10034950 f   libeay32:pmeth_fn.obj
 0001:000339c0       _EVP_PKEY_sign             100349c0 f   libeay32:pmeth_fn.obj
 0001:00033ab0       _EVP_PKEY_sign_init        10034ab0 f   libeay32:pmeth_fn.obj
 0001:00033b10       _EVP_PKEY_verify           10034b10 f   libeay32:pmeth_fn.obj
 0001:00033b80       _EVP_PKEY_verify_init      10034b80 f   libeay32:pmeth_fn.obj
 0001:00033c30       _DHvparams_it              10034c30 f   libeay32:dh_asn1.obj
 0001:00033c40       _d2i_DHparams              10034c40 f   libeay32:dh_asn1.obj
 0001:00033c60       _d2i_DHxparams             10034c60 f   libeay32:dh_asn1.obj
 0001:00033d30       _i2d_DHparams              10034d30 f   libeay32:dh_asn1.obj
 0001:00033d50       _i2d_DHxparams             10034d50 f   libeay32:dh_asn1.obj
 0001:00033de0       _CMS_RecipientInfo_kari_get0_alg 10034de0 f   libeay32:cms_kari.obj
 0001:00033e30       _CMS_RecipientInfo_kari_get0_ctx 10034e30 f   libeay32:cms_kari.obj
 0001:00033e50       _CMS_RecipientInfo_kari_get0_orig_id 10034e50 f   libeay32:cms_kari.obj
 0001:00033f40       _cms_RecipientInfo_kari_encrypt 10034f40 f   libeay32:cms_kari.obj
 0001:00034290       _EC_POINT_point2bn         10035290 f   libeay32:ec_print.obj
 0001:00034320       _ECPKParameters_print      10035320 f   libeay32:eck_prn.obj
 0001:00034a60       _X9_62_PENTANOMIAL_it      10035a60 f   libeay32:ec_asn1.obj
 0001:00034a80       _X9_62_CHARACTERISTIC_TWO_it 10035a80 f   libeay32:ec_asn1.obj
 0001:00034aa0       _X9_62_FIELDID_it          10035aa0 f   libeay32:ec_asn1.obj
 0001:00034ab0       _X9_62_CURVE_it            10035ab0 f   libeay32:ec_asn1.obj
 0001:00034ac0       _ECPARAMETERS_it           10035ac0 f   libeay32:ec_asn1.obj
 0001:00034ad0       _ECPKPARAMETERS_it         10035ad0 f   libeay32:ec_asn1.obj
 0001:00034ae0       _EC_GROUP_get_basis_type   10035ae0 f   libeay32:ec_asn1.obj
 0001:00034b30       _EC_GROUP_get_pentanomial_basis 10035b30 f   libeay32:ec_asn1.obj
 0001:00034bc0       _EC_GROUP_get_trinomial_basis 10035bc0 f   libeay32:ec_asn1.obj
 0001:00034c20       _d2i_ECPKParameters        10035c20 f   libeay32:ec_asn1.obj
 0001:00034cf0       _d2i_ECParameters          10035cf0 f   libeay32:ec_asn1.obj
 0001:00034dc0       _d2i_ECPrivateKey          10035dc0 f   libeay32:ec_asn1.obj
 0001:00035ed0       _i2d_ECPKParameters        10036ed0 f   libeay32:ec_asn1.obj
 0001:00035f60       _i2d_ECParameters          10036f60 f   libeay32:ec_asn1.obj
 0001:00035fb0       _i2d_ECPrivateKey          10036fb0 f   libeay32:ec_asn1.obj
 0001:00036300       _i2d_EC_PRIVATEKEY         10037300 f   libeay32:ec_asn1.obj
 0001:00036320       _i2o_ECPublicKey           10037320 f   libeay32:ec_asn1.obj
 0001:00036420       _o2i_ECPublicKey           10037420 f   libeay32:ec_asn1.obj
 0001:000364f0       _CMS_OtherRecipientInfo_it 100374f0 f   libeay32:cms_asn1.obj
 0001:00036580       _CMS_EnvelopedData_it      10037580 f   libeay32:cms_asn1.obj
 0001:00036590       _CMS_DigestedData_it       10037590 f   libeay32:cms_asn1.obj
 0001:000365a0       _CMS_EncryptedData_it      100375a0 f   libeay32:cms_asn1.obj
 0001:000365b0       _CMS_AuthenticatedData_it  100375b0 f   libeay32:cms_asn1.obj
 0001:000365c0       _CMS_CompressedData_it     100375c0 f   libeay32:cms_asn1.obj
 0001:00036660       _CMS_ReceiptsFrom_it       10037660 f   libeay32:cms_asn1.obj
 0001:00036670       _CMS_SignerInfo_it         10037670 f   libeay32:cms_asn1.obj
 0001:00036680       _CMS_IssuerAndSerialNumber_it 10037680 f   libeay32:cms_asn1.obj
 0001:00036690       _CMS_RecipientInfo_it      10037690 f   libeay32:cms_asn1.obj
 0001:000366a0       _CMS_PasswordRecipientInfo_it 100376a0 f   libeay32:cms_asn1.obj
 0001:000366b0       _CMS_OtherCertificateFormat_it 100376b0 f   libeay32:cms_asn1.obj
 0001:000366c0       _CMS_CertificateChoices_it 100376c0 f   libeay32:cms_asn1.obj
 0001:000366d0       _CMS_SignerIdentifier_it   100376d0 f   libeay32:cms_asn1.obj
 0001:000366e0       _CMS_EncapsulatedContentInfo_it 100376e0 f   libeay32:cms_asn1.obj
 0001:00036740       _CMS_OtherRevocationInfoFormat_it 10037740 f   libeay32:cms_asn1.obj
 0001:00036750       _CMS_RevocationInfoChoice_it 10037750 f   libeay32:cms_asn1.obj
 0001:00036760       _CMS_SignedData_it         10037760 f   libeay32:cms_asn1.obj
 0001:00036770       _CMS_OriginatorInfo_it     10037770 f   libeay32:cms_asn1.obj
 0001:00036780       _CMS_EncryptedContentInfo_it 10037780 f   libeay32:cms_asn1.obj
 0001:00036790       _CMS_KeyTransRecipientInfo_it 10037790 f   libeay32:cms_asn1.obj
 0001:000367a0       _CMS_OtherKeyAttribute_it  100377a0 f   libeay32:cms_asn1.obj
 0001:000367b0       _CMS_RecipientKeyIdentifier_it 100377b0 f   libeay32:cms_asn1.obj
 0001:000367c0       _CMS_KeyAgreeRecipientIdentifier_it 100377c0 f   libeay32:cms_asn1.obj
 0001:00036800       _CMS_RecipientEncryptedKey_it 10037800 f   libeay32:cms_asn1.obj
 0001:00036810       _CMS_OriginatorPublicKey_it 10037810 f   libeay32:cms_asn1.obj
 0001:00036820       _CMS_OriginatorIdentifierOrKey_it 10037820 f   libeay32:cms_asn1.obj
 0001:00036890       _CMS_KeyAgreeRecipientInfo_it 10037890 f   libeay32:cms_asn1.obj
 0001:000368a0       _CMS_KEKIdentifier_it      100378a0 f   libeay32:cms_asn1.obj
 0001:000368b0       _CMS_KEKRecipientInfo_it   100378b0 f   libeay32:cms_asn1.obj
 0001:000368c0       _CMS_Attributes_Sign_it    100378c0 f   libeay32:cms_asn1.obj
 0001:000368d0       _CMS_SharedInfo_encode     100378d0 f   libeay32:cms_asn1.obj
 0001:00036950       _BN_GENCB_call             10037950 f   libeay32:bn_prime.obj
 0001:000369a0       _BN_generate_prime_ex      100379a0 f   libeay32:bn_prime.obj
 0001:00036c20       _BN_is_prime_fasttest_ex   10037c20 f   libeay32:bn_prime.obj
 0001:00037420       _CONF_parse_list           10038420 f   libeay32:conf_mod.obj
 0001:00037510       _ASN1_ENUMERATED_get       10038510 f   libeay32:a_enum.obj
 0001:00037580       _ASN1_ENUMERATED_to_BN     10038580 f   libeay32:a_enum.obj
 0001:000375e0       _ASN1_STRING_to_UTF8       100385e0 f   libeay32:a_strex.obj
 0001:00037660       _X509_NAME_print_ex        10038660 f   libeay32:a_strex.obj
 0001:00038140       _X509_EXTENSION_it         10039140 f   libeay32:x_exten.obj
 0001:00038150       _X509_NAME_cmp             10039150 f   libeay32:x509_cmp.obj
 0001:00038210       _EVP_CIPHER_CTX_iv_length  10039210 f   libeay32:evp_lib.obj
 0001:00038210       _X509_get_issuer_name      10039210 f   libeay32:x509_cmp.obj
 0001:00038220       _X509_get_pubkey           10039220 f   libeay32:x509_cmp.obj
 0001:00038240       _EVP_CIPHER_CTX_block_size 10039240 f   libeay32:evp_lib.obj
 0001:00038240       _X509_get_serialNumber     10039240 f   libeay32:x509_cmp.obj
 0001:00038250       _X509_get_subject_name     10039250 f   libeay32:x509_cmp.obj
 0001:00038260       _X509_NAME_ENTRY_create_by_OBJ 10039260 f   libeay32:x509name.obj
 0001:00038300       _X509_NAME_ENTRY_create_by_txt 10039300 f   libeay32:x509name.obj
 0001:00038370       _X509_NAME_ENTRY_get_data  10039370 f   libeay32:x509name.obj
[...]
 0003:00003524       _state_index               100c0524     libeay32:md_rand.obj
 0003:00003528       _md_count                  100c0528     libeay32:md_rand.obj
 0003:00003530       _entropy                   100c0530     libeay32:md_rand.obj
 0003:00003538       _initialized               100c0538     libeay32:md_rand.obj
 0003:0000353c       _crypto_lock_rand          100c053c     libeay32:md_rand.obj
 0003:00003540       ?stirred_pool@?1??ssleay_rand_bytes@@9@9 100c0540     libeay32:md_rand.obj
 0003:00003544       _md                        100c0544     libeay32:md_rand.obj
 0003:00003558       _state                     100c0558     libeay32:md_rand.obj
 0003:0000396c       _locking_threadid          100c096c     libeay32:md_rand.obj
 0003:00003974       _rand_table                100c0974     libeay32:tb_rand.obj
 0003:00003978       _engine_list_head          100c0978     libeay32:eng_list.obj
 0003:0000397c       _engine_list_tail          100c097c     libeay32:eng_list.obj
 0003:00003980       _table_flags               100c0980     libeay32:eng_table.obj
 0003:00003984       _cleanup_stack             100c0984     libeay32:eng_lib.obj
 0003:00003988       _internal_static_hack      100c0988     libeay32:eng_lib.obj
 0003:0000398c       _added                     100c098c     libeay32:obj_dat.obj
 0003:00003994       ?key@?3??RAND_event@@9@9   100c0994     libeay32:rand_win.obj
 0003:00003998       ?lastx@?4??RAND_event@@9@9 100c0998     libeay32:rand_win.obj
 0003:0000399c       ?lasty@?4??RAND_event@@9@9 100c099c     libeay32:rand_win.obj
 0003:000039a0       ?lastdx@?4??RAND_event@@9@9 100c09a0     libeay32:rand_win.obj
 0003:000039a4       ?lastdy@?4??RAND_event@@9@9 100c09a4     libeay32:rand_win.obj
 0003:000039a8       _pkey_meth_table           100c09a8     libeay32:tb_pkmeth.obj
 0003:000039ac       _pkey_asn1_meth_table      100c09ac     libeay32:tb_asnmth.obj
 0003:000039b4       _digest_table              100c09b4     libeay32:tb_digest.obj
 0003:000039b8       ?m@?1??SHA224@@9@9         100c09b8     libeay32:sha256.obj
 0003:000039d4       ?m@?1??SHA256@@9@9         100c09d4     libeay32:sha256.obj
 0003:000039f8       ?m@?1??SHA384@@9@9         100c09f8     libeay32:sha512.obj
 0003:00003a28       ?m@?1??SHA512@@9@9         100c0a28     libeay32:sha512.obj
 0003:00003a68       _app_methods               100c0a68     libeay32:ameth_lib.obj
 0003:00003a6c       _default_DH_method         100c0a6c     libeay32:dh_lib.obj
 0003:00003a70       _default_DSA_method        100c0a70     libeay32:dsa_lib.obj
 0003:00003a74       _default_ECDSA_method      100c0a74     libeay32:ecs_lib.obj
 0003:00003a78       ?m@?1??HMAC@@9@9           100c0a78     libeay32:hmac.obj
 0003:00003ab8       ?zero_iv@?1??CMAC_Init@@9@9 100c0ab8     libeay32:cmac.obj
 0003:00003ad8       _names_lh                  100c0ad8     libeay32:o_names.obj
 0003:00003adc       _name_funcs_stack          100c0adc     libeay32:o_names.obj
 0003:00003ae0       _free_type                 100c0ae0     libeay32:o_names.obj
 0003:00003ae4       _pbe_algs                  100c0ae4     libeay32:evp_pbe.obj
 0003:00003ae8       _supported_modules         100c0ae8     libeay32:conf_mod.obj
 0003:00003aec       _initialized_modules       100c0aec     libeay32:conf_mod.obj
 0003:00003af0       _ext_list                  100c0af0     libeay32:v3_lib.obj
 0003:00003af4       _dh_table                  100c0af4     libeay32:tb_dh.obj
 0003:00003af8       _dsa_table                 100c0af8     libeay32:tb_dsa.obj
 0003:00003afc       _ecdsa_table               100c0afc     libeay32:tb_ecdsa.obj
 0003:00003b00       _default_ECDH_method       100c0b00     libeay32:ech_lib.obj
 0003:00003b04       _xptable                   100c0b04     libeay32:v3_purp.obj
 0003:00003b08       _cipher_table              100c0b08     libeay32:tb_cipher.obj
 0003:00003b0c       _default_CONF_method       100c0b0c     libeay32:conf_lib.obj
 0003:00003b10       _default_DSO_meth          100c0b10     libeay32:dso_lib.obj
 0003:00003b14       _stable                    100c0b14     libeay32:a_strnid.obj
 0003:00003b18       _ecdh_table                100c0b18     libeay32:tb_ecdh.obj
 0003:00003b1c       __empty_id                 100c0b1c     libeay32:x509_vpm.obj
 0003:00003b38       _param_table               100c0b38     libeay32:x509_vpm.obj
 0003:00003b3c       _trtable                   100c0b3c     libeay32:x509_trs.obj
 0003:00003b40       ?_hide_DES_check_key@?1??_shadow_DES_check_key@@9@9 100c0b40     libeay32:set_key.obj
 0003:00003b44       ?m@?1??SHA1@@9@9           100c0b44     libeay32:sha1_one.obj
 0003:00003b58       ?tntmp@?1??asn1_str2tag@@9@9 100c0b58     libeay32:asn1_gen.obj
 0003:00003b60       _prompt_string             100c0b60     libeay32:evp_key.obj
 0003:00003bb0       _default_UI_meth           100c0bb0     libeay32:ui_lib.obj
 0003:00003bb8       _savsig                    100c0bb8     libeay32:ui_openssl.obj
 0003:00003c38       _tty_in                    100c0c38     libeay32:ui_openssl.obj
 0003:00003c3c       _tty_out                   100c0c3c     libeay32:ui_openssl.obj
 0003:00003c40       _is_a_tty                  100c0c40     libeay32:ui_openssl.obj
 0003:00003c44       _intr_signal               100c0c44     libeay32:ui_openssl.obj
 0003:00003c48       ?ps@?1??read_string_inner@@9@9 100c0c48     libeay32:ui_openssl.obj
 0003:00003c50       ?initlocks@std@@3V_Init_locks@1@A 100c0c50     libcpmt:xlock.obj
 0003:00003c58       ?mtx@std@@3PAU_RTL_CRITICAL_SECTION@@A 100c0c58     libcpmt:xlock.obj
 0003:00003d18       ?initlocks@@3V_Init_locks@std@@A 100c0d18     libcpmt:cout.obj
 0003:00003d19       ?init_cout@std@@3U_Init_cout@1@A 100c0d19     libcpmt:cout.obj
 0003:00003d70       ?fout@std@@3V?$basic_filebuf@DU?$char_traits@D@std@@@1@A 100c0d70     libcpmt:cout.obj
 0003:00003de0       _global_locale             100c0de0     libcpmt:locale0.obj
 0003:00003de4       ?_Fac_head@std@@3PAU_Fac_node@1@A 100c0de4     libcpmt:locale0.obj
 0003:00003dfc       ?classic_locale@std@@3Vlocale@1@A 100c0dfc     libcpmt:locale0.obj
 0003:00003e04       ?_Fac_tidy_reg@std@@3U_Fac_tidy_reg_t@1@B 100c0e04     libcpmt:locale0.obj
 0003:00003e05       ?registered@?1??_Setgloballocale@locale@std@@CAXPAX@Z@4_NA 100c0e05     libcpmt:locale0.obj
 0003:00003e10       ?stdstr@std@@3PAPAVios_base@1@A 100c0e10     libcpmt:ios.obj
 0003:00003e38       ?stdopens@std@@3PADA       100c0e38     libcpmt:ios.obj
 0003:00003e64       ?atfuns_cdecl@@3PAP6AXXZA  100c0e64     libcpmt:iosptrs.obj
 0003:00003e8c       ?initlocks@std@@3V_Init_locks@1@A 100c0e8c     libcpmt:iosptrs.obj
 0003:00003e8d       ?init_atexit@@3U_Init_atexit@@A 100c0e8d     libcpmt:iosptrs.obj
 0003:00003fb8       ?_Tss_mutex@@3U_RTL_CRITICAL_SECTION@@A 100c0fb8     LIBCMT:thread_safe_statics.obj
 0003:00003fd0       ?_Tss_cv@@3U_RTL_CONDITION_VARIABLE@@A 100c0fd0     LIBCMT:thread_safe_statics.obj
 0003:00003fd4       ?_Tss_event@@3PAXA         100c0fd4     LIBCMT:thread_safe_statics.obj
 0003:00003fd8       ?encoded_sleep_condition_variable_cs@@3P6GHPAU_RTL_CONDITION_VARIABLE@@PAU_RTL_CRITICAL_SECTION@@K@ZA 100c0fd8     LIBCMT:thread_safe_statics.obj
 0003:00003fdc       ?encoded_wake_all_condition_variable@@3P6GXPAU_RTL_CONDITION_VARIABLE@@@ZA 100c0fdc     LIBCMT:thread_safe_statics.obj
 0003:00003fe8       ?module_local_atexit_table@@3U_onexit_table_t@@A 100c0fe8     LIBCMT:utility.obj
 0003:00003ff4       ?module_local_at_quick_exit_table@@3U_onexit_table_t@@A 100c0ff4     LIBCMT:utility.obj
 0003:00004000       ?is_initialized_as_dll@@3_NA 100c1000     LIBCMT:utility.obj
 0003:00004008       _GS_ExceptionRecord        100c1008     LIBCMT:gs_report.obj
 0003:00004058       _GS_ContextRecord          100c1058     LIBCMT:gs_report.obj
 0003:00004324       ?__proc_attached@@3HA      100c1324     LIBCMT:dll_dllmain.obj
 0003:00004344       ?module_handles@@3PAPAUHINSTANCE__@@A 100c1344     libvcruntime:winapi_downlevel.obj
 0003:00004354       ?encoded_function_pointers@@3PAPAXA 100c1354     libvcruntime:winapi_downlevel.obj
 0003:0000437c       ?__vcrt_startup_thread_ptd@@3U__vcrt_ptd@@A 100c137c     libvcruntime:per_thread_data.obj
 0003:000043a4       ___vcrt_lock_table         100c13a4     libvcruntime:locks.obj
 0003:000043bc       ___vcrt_locks_initialized  100c13bc     libvcruntime:locks.obj
 0003:000043e8       ?heap@@3V_HeapManager@@A   100c13e8     libvcruntime:undname.obj
 0003:000043fc       ___acrt_invalid_parameter_handler 100c13fc     libucrt:invalid_parameter.obj
 0003:0000440c       _c_termination_complete    100c140c     libucrt:exit.obj
 0003:00004410       _thread_local_exit_callback_func 100c1410     libucrt:exit.obj
 0003:00004414       ?c_exit_complete@?5??common_exit@@YAXHW4_crt_exit_cleanup_mode@@W4_crt_exit_return_mode@@@Z@4_NA 100c1414     libucrt:exit.obj
 0003:00004415       _console_ctrl_handler_installed 100c1415     libucrt:signal.obj
 0003:00004418       _ctrlc_action              100c1418     libucrt:signal.obj
 0003:0000441c       _ctrlbreak_action          100c141c     libucrt:signal.obj
 0003:00004420       _abort_action              100c1420     libucrt:signal.obj
 0003:00004424       _term_action               100c1424     libucrt:signal.obj
 0003:00004428       ___acrt_lock_table         100c1428     libucrt:locks.obj
 0003:00004560       ___acrt_locks_initialized  100c1560     libucrt:locks.obj
 0003:0000456c       ___acrt_new_handler        100c156c     libucrt:new_handler.obj
 0003:00004570       ?program_name@?5???$common_configure_argv@D@@YAHW4_crt_argv_mode@@@Z@4PADA 100c1570     libucrt:argv_parsing.obj
 0003:000046a0       _enable_percent_n          100c16a0     libucrt:printf_count_output.obj
 0003:000048c0       _module_handles            100c18c0     libucrt:winapi_thunks.obj
 0003:00004910       _encoded_function_pointers 100c1910     libucrt:winapi_thunks.obj
 0003:00004990       ?static_enum_proc@?1??enum_system_locales_ex_nolock@@YAHQ6GHPA_WKJ@Z@Z@4P6GH0KJ@ZA 100c1990     libucrt:winapi_thunks.obj
 0003:00004994       ?state_cache@?1??__acrt_is_packaged_app@@9@4JA 100c1994     libucrt:winapi_thunks.obj
 0003:000049a8       __tzname                   100c19a8     libucrt:timeset.obj
 0003:000049b0       _tz_api_used               100c19b0     libucrt:tzset.obj
 0003:000049b8       _tz_info                   100c19b8     libucrt:tzset.obj
 0003:00004a64       ___acrt_global_new_mode    100c1a64     libucrt:new_mode.obj
 0003:00004a88       _fSystemSet                100c1a88     libucrt:mbctype.obj
 0003:00004a8c       ?initialized@?1??__acrt_initialize_multibyte@@9@4_NA 100c1a8c     libucrt:mbctype.obj
 0003:00004aa8       _user_matherr              100c1aa8     libucrt:matherr.obj
 0003:00004ab0       ___acrt_app_type           100c1ab0     libucrt:report_runtime_error.obj
 0003:00004ab4       __pmatherr_set             100c1ab4     libucrt:libm_error.obj
 0003:00004b00       ?flipped@?1??flipAndCodeBytes@DiskInfo@@CAPADPAD@Z@4PADA 100c1b00     IOCTL_DeviceQuery.obj
 0003:00004ef0       ?string@?1??ConvertToString@DiskInfo@@CAPADQAGHH@Z@4PADA 100c1ef0     IOCTL_DeviceQuery.obj
 0004:00000000       __guard_fids__signal       100c3000     libucrt:signal.obj
 0004:00000004       __guard_fids____dcrt_uninitialize_environments_nolock 100c3004     libucrt:environment_initialization.obj
 0004:0000000c       __guard_fids__             100c300c     libucrt:initialization.obj
 0004:0000006c       __guard_fids____acrt_initialize_ptd 100c306c     libucrt:per_thread_data.obj
 0004:00000070       __guard_fids__             100c3070     libucrt:wsetlocale.obj
 0004:00000088       __guard_fids_??$?RV<lambda_9227be29367c048ad7fd93a717dcb1a1>@@AAV<lambda_a463b7b0560cfcaf9b17f27c6ef46564>@@V<lambda_ccea11b5727ccf69be64f5f5d9a08d9f>@@@?$__crt_seh_guarded_call@H@@QAEH$$QAV<lambda_9227be29367c048ad7fd93a717dcb1a1>@@AAV<lambda_a463b7b0560cfcaf9b17f27c6ef46564>@@$$QAV<lambda_ccea11b5727ccf69be64f5f5d9a08d9f>@@@Z 100c3088     libucrt:winapi_thunks.obj
 0004:0000008c       __guard_fids__             100c308c     libucrt:stdio_initializer.obj
 0004:00000090       __guard_fids__             100c3090     libucrt:stdio_initializer.obj
 0004:00000094       __guard_fids_??$expand_argument_wildcards@D@@YAHQAD0AAV?$argument_list@D@?A0xb0e4b824@@@Z 100c3094     libucrt:argv_wildcards.obj
 0004:00000098       __guard_fids__             100c3098     libucrt:locale_initializer.obj
 0004:0000009c       __guard_fids__GetLocaleNameFromLangCountry 100c309c     libucrt:get_qualified_locale.obj
 0004:000000a0       __guard_fids__GetLocaleNameFromLanguage 100c30a0     libucrt:get_qualified_locale.obj
 0004:000000a4       __guard_fids__GetLcidFromLangCountry 100c30a4     libucrt:getqloc_downlevel.obj
 0004:000000a8       __guard_fids__GetLcidFromLanguage 100c30a8     libucrt:getqloc_downlevel.obj
 0004:000000ac       __guard_fids__GetLcidFromCountry 100c30ac     libucrt:getqloc_downlevel.obj
 0004:000000b0       __guard_fids__             100c30b0     libucrt:timeset_initializer.obj
 0004:000000b4       __guard_fids__             100c30b4     libucrt:console_input_initializer.obj
 0004:000000b8       __guard_fids__             100c30b8     libucrt:sse2_initializer.obj
 0004:000000bc       __guard_fids____libm_error_support 100c30bc     libucrt:libm_error.obj
 0004:000000c0       __guard_fids__             100c30c0     libucrt:multibyte_initializer.obj
 0004:000000c4       __guard_fids__             100c30c4     libucrt:console_output_initializer.obj
 0004:000000c8       __guard_fids_??__Einitlocks@std@@YAXXZ 100c30c8     libcpmt:xlock.obj
 0004:000000cc       __guard_fids__             100c30cc     libcpmt:xlock.obj
 0004:000000d0       __guard_fids_??__Einitlocks@@YAXXZ 100c30d0     libcpmt:cout.obj
 0004:000000d4       __guard_fids_??__Efout@std@@YAXXZ 100c30d4     libcpmt:cout.obj
 0004:000000d8       __guard_fids_??__Ecout@std@@YAXXZ 100c30d8     libcpmt:cout.obj
 0004:000000dc       __guard_fids__             100c30dc     libcpmt:cout.obj
 0004:000000e4       __guard_fids__             100c30e4     libcpmt:cout.obj
 0004:000000ec       __guard_fids__             100c30ec     libcpmt:cout.obj
 0004:000000f4       __guard_fids__             100c30f4     libcpmt:cout.obj
 0004:000000f8       __guard_fids__             100c30f8     libcpmt:cout.obj
 0004:00000104       __guard_fids__             100c3104     libcpmt:cout.obj
 0004:00000130       __guard_fids__             100c3130     libcpmt:cout.obj
 0004:00000148       __guard_fids__             100c3148     libcpmt:cout.obj
 0004:00000150       __guard_fids__             100c3150     libcpmt:cout.obj
 0004:00000158       __guard_fids__             100c3158     libcpmt:cout.obj
 0004:00000170       __guard_fids__             100c3170     libcpmt:cout.obj
 0004:00000178       __guard_fids__             100c3178     libcpmt:cout.obj
 0004:0000017c       __guard_fids__             100c317c     libcpmt:cout.obj
 0004:000001b8       __guard_fids__             100c31b8     libcpmt:cout.obj
 0004:000001f4       __guard_fids__             100c31f4     libcpmt:cout.obj
 0004:000001f8       __guard_fids__             100c31f8     libcpmt:cout.obj
 0004:000001fc       __guard_fids__             100c31fc     libcpmt:cout.obj
 0004:00000224       __guard_fids__             100c3224     libcpmt:cout.obj
 0004:00000228       __guard_fids__             100c3228     libcpmt:cout.obj
 0004:0000022c       __guard_fids__             100c322c     libcpmt:cout.obj
 0004:00000230       __guard_fids__             100c3230     libcpmt:cout.obj
 0004:00000234       __guard_fids__             100c3234     libcpmt:cout.obj
 0004:00000238       __guard_fids__             100c3238     libcpmt:cout.obj
 0004:0000023c       __guard_fids_??__E_Fac_tidy_reg@std@@YAXXZ 100c323c     libcpmt:locale0.obj
 0004:00000240       __guard_fids_?_Setgloballocale@locale@std@@CAXPAX@Z 100c3240     libcpmt:locale0.obj
 0004:00000244       __guard_fids_??__Eclassic_locale@std@@YAXXZ 100c3244     libcpmt:locale0.obj
 0004:00000248       __guard_fids__             100c3248     libcpmt:locale0.obj
 0004:00000254       __guard_fids__             100c3254     libcpmt:locale0.obj
 0004:00000258       __guard_fids__             100c3258     libcpmt:locale0.obj
 0004:0000025c       __guard_fids__             100c325c     libcpmt:xthrow.obj
 0004:00000264       __guard_fids__             100c3264     libcpmt:xthrow.obj
 0004:0000026c       __guard_fids__             100c326c     libcpmt:xthrow.obj
 0004:00000274       __guard_fids__             100c3274     libcpmt:xthrow.obj
 0004:0000027c       __guard_fids__             100c327c     libcpmt:xthrow.obj
 0004:00000280       __guard_fids__             100c3280     libcpmt:xthrow.obj
 0004:00000284       __guard_fids__             100c3284     libcpmt:xthrow.obj
 0004:00000288       __guard_fids__             100c3288     libcpmt:xthrow.obj
 0004:0000028c       __guard_fids__             100c328c     libcpmt:xthrow.obj
 0004:00000290       __guard_fids__             100c3290     libcpmt:xthrow.obj
 0004:00000294       __guard_fids__             100c3294     libcpmt:xthrow.obj
 0004:00000298       __guard_fids_??__Einitlocks@std@@YAXXZ 100c3298     libcpmt:iosptrs.obj
 0004:0000029c       __guard_fids_??__Einit_atexit@@YAXXZ 100c329c     libcpmt:iosptrs.obj
 0004:000002a0       __guard_fids__             100c32a0     libcpmt:iosptrs.obj
 0004:000002a4       __guard_fids__             100c32a4     libcpmt:iosptrs.obj
 0004:000002a8       __guard_fids__             100c32a8     libcpmt:winapisupp.obj
 0004:000002ac       __guard_fids__             100c32ac     LIBCMT:thread_safe_statics.obj
 0004:000002b0       __guard_fids_?__scrt_initialize_thread_safe_statics@@YAHXZ 100c32b0     LIBCMT:thread_safe_statics.obj
 0004:000002b4       __guard_fids_?dllmain_crt_process_attach@@YAHQAUHINSTANCE__@@QAX@Z 100c32b4     LIBCMT:dll_dllmain.obj
 0004:000002bc       __guard_fids_?dllmain_dispatch@@YAHQAUHINSTANCE__@@KQAX@Z 100c32bc     LIBCMT:dll_dllmain.obj
 0004:000002c0       __guard_fids__             100c32c0     LIBCMT:std_type_info_static.obj
 0004:000002c4       __guard_fids__             100c32c4     LIBCMT:throw_bad_alloc.obj
 0004:000002cc       __guard_fids__             100c32cc     LIBCMT:throw_bad_alloc.obj
 0004:000002d0       __guard_fids__             100c32d0     LIBCMT:throw_bad_alloc.obj
 0004:000002d4       __guard_fids__             100c32d4     LIBCMT:guard_support.obj
 0004:000002d8       __guard_fids__             100c32d8     comsuppw:comsupp.obj
 0004:000002dc       __guard_fids_??__EvtMissing@@YAXXZ 100c32dc     comsuppw:comutil.obj
 0004:000002e0       __guard_fids__             100c32e0     comsuppw:comutil.obj
 0004:000002e4       __guard_fids__             100c32e4     comsuppw:comraise.obj
 0004:000002e8       __guard_fids__             100c32e8     comsuppw:comraise.obj
 0004:000002ec       __guard_fids__             100c32ec     comsuppw:comraise.obj
 0004:000002f0       __guard_fids__             100c32f0     libvcruntime:frame.obj
 0004:000002f4       __guard_fids__             100c32f4     libvcruntime:frame.obj
 0004:000002fc       __guard_fids__             100c32fc     libvcruntime:frame.obj
 0004:00000300       __guard_fids__             100c3300     libvcruntime:frame.obj
 0004:00000304       __guard_fids____vcrt_initialize_ptd 100c3304     libvcruntime:per_thread_data.obj
 0006:00000060       $R000000                   100c5060     * linker generated manifest res *

 Exports

  ordinal    name

        1    _WMI_DeviceQuery@12
        2    __register_DeviceQuery_
               exported name: _register_DeviceQuery_
